✓ Initialized. View run at 
https://modal.com/apps/jaspersgmail/main/ap-1eket9eT9sJ60TM7usUiIG
✓ Created objects.
├── ✓ Uploaded C:\Users\urawi\OneDrive\Desktop\a wide variety of vscode 
│   projects\developing-mind\notebooks\brian2\mnist_pilot\modal_mnist_v3.py
├── ✓ Uploaded C:\Users\urawi\OneDrive\Desktop\a wide variety of vscode 
│   projects\developing-mind\notebooks\brian2\mnist_pilot\data\pilot_subset.npz
├── ✓ Uploaded C:\Users\urawi\OneDrive\Desktop\a wide variety of vscode 
│   projects\developing-mind\notebooks\brian2\mnist_pilot\mnist_sim.py
├── ✓ Uploaded C:\Users\urawi\OneDrive\Desktop\a wide variety of vscode 
│   projects\developing-mind\notebooks\brian2\modal_common.py
├── ✓ Uploaded PythonPackage:src
└── ✓ Created Function run_seed.
16 runs to do
WARNING    't' is an internal variable of group 'synapses', but also exists in the run namespace with the value array([0.000000e+00, 1.200000e-03, 3.200000e-03, ..., 9.998476e+02,
       9.998486e+02, 9.998490e+02]). The internal variable will be used. [brian2.groups.group.Group.resolve.resolution_conflict]
WARNING    't' is an internal variable of group 'synapses', but also exists in the run namespace with the value array([0.000000e+00, 4.000000e-04, 4.000000e-04, ..., 9.998490e+02,
       9.998490e+02, 9.998494e+02]). The internal variable will be used. [brian2.groups.group.Group.resolve.resolution_conflict]
WARNING    't' is an internal variable of group 'synapses', but also exists in the run namespace with the value array([2.000000e-04, 2.200000e-03, 3.000000e-03, ..., 9.998472e+02,
       9.998476e+02, 9.998490e+02]). The internal variable will be used. [brian2.groups.group.Group.resolve.resolution_conflict]
WARNING    't' is an internal variable of group 'synapses', but also exists in the run namespace with the value array([2.400000e-03, 3.800000e-03, 4.200000e-03, ..., 9.998474e+02,
       9.998482e+02, 9.998488e+02]). The internal variable will be used. [brian2.groups.group.Group.resolve.resolution_conflict]
WARNING    't' is an internal variable of group 'synapses', but also exists in the run namespace with the value array([4.000000e-04, 1.200000e-03, 1.200000e-03, ..., 9.998480e+02,
       9.998484e+02, 9.998488e+02]). The internal variable will be used. [brian2.groups.group.Group.resolve.resolution_conflict]
WARNING    't' is an internal variable of group 'synapses', but also exists in the run namespace with the value array([4.000000e-04, 1.400000e-03, 1.400000e-03, ..., 9.998462e+02,
       9.998468e+02, 9.998486e+02]). The internal variable will be used. [brian2.groups.group.Group.resolve.resolution_conflict]
WARNING    't' is an internal variable of group 'synapses', but also exists in the run namespace with the value array([0.000000e+00, 4.000000e-04, 1.200000e-03, ..., 9.998490e+02,
       9.998494e+02, 9.998498e+02]). The internal variable will be used. [brian2.groups.group.Group.resolve.resolution_conflict]
WARNING    't' is an internal variable of group 'synapses', but also exists in the run namespace with the value array([0.000000e+00, 1.000000e-03, 2.800000e-03, ..., 9.998486e+02,
       9.998494e+02, 9.998498e+02]). The internal variable will be used. [brian2.groups.group.Group.resolve.resolution_conflict]
WARNING    't' is an internal variable of group 'synapses', but also exists in the run namespace with the value array([4.000000e-04, 1.200000e-03, 1.800000e-03, ..., 9.998452e+02,
       9.998462e+02, 9.998494e+02]). The internal variable will be used. [brian2.groups.group.Group.resolve.resolution_conflict]
WARNING    't' is an internal variable of group 'synapses', but also exists in the run namespace with the value array([1.800000e-03, 2.400000e-03, 3.600000e-03, ..., 9.998498e+02,
       9.998498e+02, 9.998498e+02]). The internal variable will be used. [brian2.groups.group.Group.resolve.resolution_conflict]
WARNING    't' is an internal variable of group 'synapses', but also exists in the run namespace with the value array([0.000000e+00, 4.000000e-04, 6.000000e-04, ..., 9.998486e+02,
       9.998498e+02, 9.998498e+02]). The internal variable will be used. [brian2.groups.group.Group.resolve.resolution_conflict]
WARNING    't' is an internal variable of group 'synapses', but also exists in the run namespace with the value array([0.000000e+00, 8.000000e-04, 1.600000e-03, ..., 9.998480e+02,
       9.998480e+02, 9.998492e+02]). The internal variable will be used. [brian2.groups.group.Group.resolve.resolution_conflict]
WARNING    't' is an internal variable of group 'synapses', but also exists in the run namespace with the value array([4.000000e-04, 4.000000e-04, 1.400000e-03, ..., 9.998482e+02,
       9.998486e+02, 9.998492e+02]). The internal variable will be used. [brian2.groups.group.Group.resolve.resolution_conflict]
WARNING    't' is an internal variable of group 'synapses', but also exists in the run namespace with the value array([0.000000e+00, 0.000000e+00, 8.000000e-04, ..., 9.998460e+02,
       9.998462e+02, 9.998484e+02]). The internal variable will be used. [brian2.groups.group.Group.resolve.resolution_conflict]
WARNING    't' is an internal variable of group 'synapses', but also exists in the run namespace with the value array([0.000000e+00, 4.000000e-04, 4.000000e-04, ..., 9.998490e+02,
       9.998492e+02, 9.998496e+02]). The internal variable will be used. [brian2.groups.group.Group.resolve.resolution_conflict]
WARNING    't' is an internal variable of group 'synapses', but also exists in the run namespace with the value array([1.600000e-03, 1.600000e-03, 1.800000e-03, ..., 9.998490e+02,
       9.998496e+02, 9.998498e+02]). The internal variable will be used. [brian2.groups.group.Group.resolve.resolution_conflict]
wta_adapt seed 70100 saved (wall 162s)
wta_adapt seed 70101 saved (wall 163s)
wta_norm_adapt seed 70103 saved (wall 162s)
wta_adapt seed 70106 saved (wall 162s)
wta_adapt seed 70102 saved (wall 163s)
wta_norm_adapt seed 70101 saved (wall 233s)
wta_norm_adapt seed 70104 saved (wall 237s)
wta_adapt seed 70105 saved (wall 252s)
wta_adapt seed 70107 saved (wall 258s)
wta_adapt seed 70104 saved (wall 261s)
wta_norm_adapt seed 70105 saved (wall 269s)
wta_norm_adapt seed 70106 saved (wall 270s)
wta_norm_adapt seed 70102 saved (wall 275s)
wta_adapt seed 70103 saved (wall 277s)
wta_norm_adapt seed 70100 saved (wall 308s)
wta_norm_adapt seed 70107 saved (wall 308s)
== 16/16 completed
Stopping app - local entrypoint completed.
✓ App completed. View run at 
https://modal.com/apps/jaspersgmail/main/ap-1eket9eT9sJ60TM7usUiIG
