✓ Initialized. View run at 
https://modal.com/apps/jaspersgmail/main/ap-q9BLGOE9Ih1TFur7Vn6QaN
✓ Created objects.
├── ✓ Uploaded C:\Users\urawi\OneDrive\Desktop\a wide variety of vscode 
│   projects\developing-mind\notebooks\brian2\mnist_pilot\modal_mnist_v4.py
├── ✓ Uploaded C:\Users\urawi\OneDrive\Desktop\a wide variety of vscode 
│   projects\developing-mind\notebooks\brian2\mnist_pilot\data\pilot_subset.npz
├── ✓ Uploaded C:\Users\urawi\OneDrive\Desktop\a wide variety of vscode 
│   projects\developing-mind\notebooks\brian2\mnist_pilot\mnist_sim.py
├── ✓ Uploaded C:\Users\urawi\OneDrive\Desktop\a wide variety of vscode 
│   projects\developing-mind\notebooks\brian2\modal_common.py
├── ✓ Uploaded PythonPackage:src
└── ✓ Created Function run_seed.
8 runs to do
WARNING    't' is an internal variable of group 'synapses', but also exists in the run namespace with the value array([0.000000e+00, 8.000000e-04, 1.600000e-03, ..., 9.998480e+02,
       9.998480e+02, 9.998492e+02]). The internal variable will be used. [brian2.groups.group.Group.resolve.resolution_conflict]
WARNING    't' is an internal variable of group 'synapses', but also exists in the run namespace with the value array([0.000000e+00, 0.000000e+00, 8.000000e-04, ..., 9.998460e+02,
       9.998462e+02, 9.998484e+02]). The internal variable will be used. [brian2.groups.group.Group.resolve.resolution_conflict]
WARNING    't' is an internal variable of group 'synapses', but also exists in the run namespace with the value array([4.000000e-04, 1.200000e-03, 1.800000e-03, ..., 9.998452e+02,
       9.998462e+02, 9.998494e+02]). The internal variable will be used. [brian2.groups.group.Group.resolve.resolution_conflict]
WARNING    't' is an internal variable of group 'synapses', but also exists in the run namespace with the value array([4.000000e-04, 4.000000e-04, 1.400000e-03, ..., 9.998482e+02,
       9.998486e+02, 9.998492e+02]). The internal variable will be used. [brian2.groups.group.Group.resolve.resolution_conflict]
WARNING    't' is an internal variable of group 'synapses', but also exists in the run namespace with the value array([0.000000e+00, 4.000000e-04, 4.000000e-04, ..., 9.998490e+02,
       9.998490e+02, 9.998494e+02]). The internal variable will be used. [brian2.groups.group.Group.resolve.resolution_conflict]
WARNING    't' is an internal variable of group 'synapses', but also exists in the run namespace with the value array([4.000000e-04, 1.400000e-03, 1.400000e-03, ..., 9.998462e+02,
       9.998468e+02, 9.998486e+02]). The internal variable will be used. [brian2.groups.group.Group.resolve.resolution_conflict]
WARNING    't' is an internal variable of group 'synapses', but also exists in the run namespace with the value array([1.600000e-03, 1.600000e-03, 1.800000e-03, ..., 9.998490e+02,
       9.998496e+02, 9.998498e+02]). The internal variable will be used. [brian2.groups.group.Group.resolve.resolution_conflict]
WARNING    't' is an internal variable of group 'synapses', but also exists in the run namespace with the value array([0.000000e+00, 4.000000e-04, 6.000000e-04, ..., 9.998486e+02,
       9.998498e+02, 9.998498e+02]). The internal variable will be used. [brian2.groups.group.Group.resolve.resolution_conflict]
wta_norm_fair seed 70102 saved (wall 230s)
wta_norm_fair seed 70100 saved (wall 268s)
wta_norm_fair seed 70101 saved (wall 288s)
wta_norm_fair seed 70107 saved (wall 287s)
wta_norm_fair seed 70103 saved (wall 295s)
wta_norm_fair seed 70105 saved (wall 302s)
wta_norm_fair seed 70106 saved (wall 307s)
wta_norm_fair seed 70104 saved (wall 310s)
== 8/8 completed
Stopping app - local entrypoint completed.
✓ App completed. View run at 
https://modal.com/apps/jaspersgmail/main/ap-q9BLGOE9Ih1TFur7Vn6QaN
