✓ Initialized. View run at 
https://modal.com/apps/jaspersgmail/main/ap-Kj6Y87BXP4NGr9pK6Weo0J
✓ Created objects.
├── ✓ Uploaded C:\Users\urawi\OneDrive\Desktop\a wide variety of vscode 
│   projects\developing-mind\notebooks\brian2\unified_substrate\modal_gain_map.
│   py
├── ✓ Uploaded C:\Users\urawi\OneDrive\Desktop\a wide variety of vscode 
│   projects\developing-mind\notebooks\brian2\mnist_pilot\data\pilot_subset.npz
├── ✓ Uploaded C:\Users\urawi\OneDrive\Desktop\a wide variety of vscode 
│   projects\developing-mind\notebooks\brian2\modal_common.py
├── ✓ Uploaded C:\Users\urawi\OneDrive\Desktop\a wide variety of vscode 
│   projects\developing-mind\notebooks\brian2\mnist_pilot\mnist_sim.py
├── ✓ Uploaded PythonPackage:src
├── ✓ Created Function run_mnist.
└── ✓ Created Function run_click.
24 click + 24 MNIST runs to do
WARNING    The name "tau" refers to different objects in different namespaces used for resolving names in the context of group "neurongroup". Will use the object from the group-specific namespace with the value 10. * msecond, but the name also refers to a variable in the run namespace with value '10.0'. [brian2.groups.group.Group.resolve.resolution_conflict]
WARNING    The name "tau" refers to different objects in different namespaces used for resolving names in the context of group "neurongroup". Will use the object from the group-specific namespace with the value 10. * msecond, but the name also refers to a variable in the run namespace with value '10.0'. [brian2.groups.group.Group.resolve.resolution_conflict]
WARNING    The name "tau" refers to different objects in different namespaces used for resolving names in the context of group "neurongroup". Will use the object from the group-specific namespace with the value 10. * msecond, but the name also refers to a variable in the run namespace with value '25.0'. [brian2.groups.group.Group.resolve.resolution_conflict]
WARNING    The name "tau" refers to different objects in different namespaces used for resolving names in the context of group "neurongroup". Will use the object from the group-specific namespace with the value 10. * msecond, but the name also refers to a variable in the run namespace with value '5.0'. [brian2.groups.group.Group.resolve.resolution_conflict]
WARNING    The name "tau" refers to different objects in different namespaces used for resolving names in the context of group "neurongroup". Will use the object from the group-specific namespace with the value 10. * msecond, but the name also refers to a variable in the run namespace with value '10.0'. [brian2.groups.group.Group.resolve.resolution_conflict]
WARNING    The name "tau" refers to different objects in different namespaces used for resolving names in the context of group "neurongroup". Will use the object from the group-specific namespace with the value 10. * msecond, but the name also refers to a variable in the run namespace with value '5.0'. [brian2.groups.group.Group.resolve.resolution_conflict]
WARNING    The name "tau" refers to different objects in different namespaces used for resolving names in the context of group "neurongroup". Will use the object from the group-specific namespace with the value 10. * msecond, but the name also refers to a variable in the run namespace with value '5.0'. [brian2.groups.group.Group.resolve.resolution_conflict]
WARNING    The name "tau" refers to different objects in different namespaces used for resolving names in the context of group "neurongroup". Will use the object from the group-specific namespace with the value 10. * msecond, but the name also refers to a variable in the run namespace with value '10.0'. [brian2.groups.group.Group.resolve.resolution_conflict]
WARNING    The name "tau" refers to different objects in different namespaces used for resolving names in the context of group "neurongroup". Will use the object from the group-specific namespace with the value 10. * msecond, but the name also refers to a variable in the run namespace with value '10.0'. [brian2.groups.group.Group.resolve.resolution_conflict]
WARNING    The name "tau" refers to different objects in different namespaces used for resolving names in the context of group "neurongroup". Will use the object from the group-specific namespace with the value 10. * msecond, but the name also refers to a variable in the run namespace with value '10.0'. [brian2.groups.group.Group.resolve.resolution_conflict]
WARNING    The name "tau" refers to different objects in different namespaces used for resolving names in the context of group "neurongroup". Will use the object from the group-specific namespace with the value 10. * msecond, but the name also refers to a variable in the run namespace with value '10.0'. [brian2.groups.group.Group.resolve.resolution_conflict]
WARNING    The name "tau" refers to different objects in different namespaces used for resolving names in the context of group "neurongroup". Will use the object from the group-specific namespace with the value 10. * msecond, but the name also refers to a variable in the run namespace with value '10.0'. [brian2.groups.group.Group.resolve.resolution_conflict]
WARNING    The name "tau" refers to different objects in different namespaces used for resolving names in the context of group "neurongroup". Will use the object from the group-specific namespace with the value 10. * msecond, but the name also refers to a variable in the run namespace with value '5.0'. [brian2.groups.group.Group.resolve.resolution_conflict]
WARNING    The name "tau" refers to different objects in different namespaces used for resolving names in the context of group "neurongroup". Will use the object from the group-specific namespace with the value 10. * msecond, but the name also refers to a variable in the run namespace with value '25.0'. [brian2.groups.group.Group.resolve.resolution_conflict]
WARNING    The name "tau" refers to different objects in different namespaces used for resolving names in the context of group "neurongroup". Will use the object from the group-specific namespace with the value 10. * msecond, but the name also refers to a variable in the run namespace with value '5.0'. [brian2.groups.group.Group.resolve.resolution_conflict]
WARNING    The name "tau" refers to different objects in different namespaces used for resolving names in the context of group "neurongroup". Will use the object from the group-specific namespace with the value 10. * msecond, but the name also refers to a variable in the run namespace with value '5.0'. [brian2.groups.group.Group.resolve.resolution_conflict]
WARNING    The name "tau" refers to different objects in different namespaces used for resolving names in the context of group "neurongroup". Will use the object from the group-specific namespace with the value 10. * msecond, but the name also refers to a variable in the run namespace with value '25.0'. [brian2.groups.group.Group.resolve.resolution_conflict]
WARNING    The name "tau" refers to different objects in different namespaces used for resolving names in the context of group "neurongroup". Will use the object from the group-specific namespace with the value 10. * msecond, but the name also refers to a variable in the run namespace with value '5.0'. [brian2.groups.group.Group.resolve.resolution_conflict]
WARNING    The name "tau" refers to different objects in different namespaces used for resolving names in the context of group "neurongroup". Will use the object from the group-specific namespace with the value 10. * msecond, but the name also refers to a variable in the run namespace with value '25.0'. [brian2.groups.group.Group.resolve.resolution_conflict]
WARNING    The name "tau" refers to different objects in different namespaces used for resolving names in the context of group "neurongroup". Will use the object from the group-specific namespace with the value 10. * msecond, but the name also refers to a variable in the run namespace with value '5.0'. [brian2.groups.group.Group.resolve.resolution_conflict]
WARNING    The name "tau" refers to different objects in different namespaces used for resolving names in the context of group "neurongroup". Will use the object from the group-specific namespace with the value 10. * msecond, but the name also refers to a variable in the run namespace with value '25.0'. [brian2.groups.group.Group.resolve.resolution_conflict]
WARNING    The name "tau" refers to different objects in different namespaces used for resolving names in the context of group "neurongroup". Will use the object from the group-specific namespace with the value 10. * msecond, but the name also refers to a variable in the run namespace with value '25.0'. [brian2.groups.group.Group.resolve.resolution_conflict]
WARNING    The name "tau" refers to different objects in different namespaces used for resolving names in the context of group "neurongroup". Will use the object from the group-specific namespace with the value 10. * msecond, but the name also refers to a variable in the run namespace with value '25.0'. [brian2.groups.group.Group.resolve.resolution_conflict]
WARNING    't' is an internal variable of group 'synapses', but also exists in the run namespace with the value array([0.000000e+00, 0.000000e+00, 8.000000e-04, ..., 9.998460e+02,
       9.998462e+02, 9.998484e+02]). The internal variable will be used. [brian2.groups.group.Group.resolve.resolution_conflict]
WARNING    't' is an internal variable of group 'synapses', but also exists in the run namespace with the value array([4.000000e-04, 1.200000e-03, 1.800000e-03, ..., 9.998452e+02,
       9.998462e+02, 9.998494e+02]). The internal variable will be used. [brian2.groups.group.Group.resolve.resolution_conflict]
WARNING    't' is an internal variable of group 'synapses', but also exists in the run namespace with the value array([0.000000e+00, 4.000000e-04, 6.000000e-04, ..., 9.998486e+02,
       9.998498e+02, 9.998498e+02]). The internal variable will be used. [brian2.groups.group.Group.resolve.resolution_conflict]
WARNING    't' is an internal variable of group 'synapses', but also exists in the run namespace with the value array([0.000000e+00, 4.000000e-04, 6.000000e-04, ..., 9.998486e+02,
       9.998498e+02, 9.998498e+02]). The internal variable will be used. [brian2.groups.group.Group.resolve.resolution_conflict]
WARNING    't' is an internal variable of group 'synapses', but also exists in the run namespace with the value array([1.28308352e-03, 2.58980271e-03, 4.93440229e-03, ...,
       4.99999726e+03, 4.99999971e+03, 5.00000070e+03]) * second. The internal variable will be used. [brian2.groups.group.Group.resolve.resolution_conflict]
WARNING    't' is an internal variable of group 'synapses', but also exists in the run namespace with the value array([1.95208063e-03, 2.41537824e-03, 2.91996949e-03, ...,
       4.99999118e+03, 4.99999296e+03, 5.00000040e+03]) * second. The internal variable will be used. [brian2.groups.group.Group.resolve.resolution_conflict]
WARNING    't' is an internal variable of group 'synapses', but also exists in the run namespace with the value array([4.61762365e-03, 5.02988794e-03, 6.20007478e-03, ...,
       4.99999594e+03, 4.99999654e+03, 4.99999760e+03]) * second. The internal variable will be used. [brian2.groups.group.Group.resolve.resolution_conflict]
WARNING    The name "tau" refers to different objects in different namespaces used for resolving names in the context of group "neurongroup". Will use the object from the group-specific namespace with the value 10. * msecond, but the name also refers to a variable in the run namespace with value '25.0'. [brian2.groups.group.Group.resolve.resolution_conflict]
WARNING    't' is an internal variable of group 'synapses', but also exists in the run namespace with the value array([0.000000e+00, 8.000000e-04, 1.600000e-03, ..., 9.998480e+02,
       9.998480e+02, 9.998492e+02]). The internal variable will be used. [brian2.groups.group.Group.resolve.resolution_conflict]
WARNING    't' is an internal variable of group 'synapses', but also exists in the run namespace with the value array([4.000000e-04, 1.400000e-03, 1.400000e-03, ..., 9.998462e+02,
       9.998468e+02, 9.998486e+02]). The internal variable will be used. [brian2.groups.group.Group.resolve.resolution_conflict]
WARNING    't' is an internal variable of group 'synapses', but also exists in the run namespace with the value array([0.000000e+00, 4.000000e-04, 4.000000e-04, ..., 9.998490e+02,
       9.998490e+02, 9.998494e+02]). The internal variable will be used. [brian2.groups.group.Group.resolve.resolution_conflict]
WARNING    't' is an internal variable of group 'synapses', but also exists in the run namespace with the value array([0.000000e+00, 8.000000e-04, 1.600000e-03, ..., 9.998480e+02,
       9.998480e+02, 9.998492e+02]). The internal variable will be used. [brian2.groups.group.Group.resolve.resolution_conflict]
WARNING    't' is an internal variable of group 'synapses', but also exists in the run namespace with the value array([4.000000e-04, 4.000000e-04, 1.400000e-03, ..., 9.998482e+02,
       9.998486e+02, 9.998492e+02]). The internal variable will be used. [brian2.groups.group.Group.resolve.resolution_conflict]
WARNING    't' is an internal variable of group 'synapses', but also exists in the run namespace with the value array([4.000000e-04, 1.200000e-03, 1.800000e-03, ..., 9.998452e+02,
       9.998462e+02, 9.998494e+02]). The internal variable will be used. [brian2.groups.group.Group.resolve.resolution_conflict]
WARNING    't' is an internal variable of group 'synapses', but also exists in the run namespace with the value array([1.600000e-03, 1.600000e-03, 1.800000e-03, ..., 9.998490e+02,
       9.998496e+02, 9.998498e+02]). The internal variable will be used. [brian2.groups.group.Group.resolve.resolution_conflict]
WARNING    't' is an internal variable of group 'synapses', but also exists in the run namespace with the value array([0.000000e+00, 8.000000e-04, 1.600000e-03, ..., 9.998480e+02,
       9.998480e+02, 9.998492e+02]). The internal variable will be used. [brian2.groups.group.Group.resolve.resolution_conflict]
WARNING    't' is an internal variable of group 'synapses', but also exists in the run namespace with the value array([1.600000e-03, 1.600000e-03, 1.800000e-03, ..., 9.998490e+02,
       9.998496e+02, 9.998498e+02]). The internal variable will be used. [brian2.groups.group.Group.resolve.resolution_conflict]
WARNING    't' is an internal variable of group 'synapses', but also exists in the run namespace with the value array([1.37898249e-03, 3.10675010e-03, 3.35893734e-03, ...,
       4.99999400e+03, 4.99999645e+03, 4.99999894e+03]) * second. The internal variable will be used. [brian2.groups.group.Group.resolve.resolution_conflict]
WARNING    't' is an internal variable of group 'synapses', but also exists in the run namespace with the value array([4.000000e-04, 1.200000e-03, 1.800000e-03, ..., 9.998452e+02,
       9.998462e+02, 9.998494e+02]). The internal variable will be used. [brian2.groups.group.Group.resolve.resolution_conflict]
WARNING    't' is an internal variable of group 'synapses', but also exists in the run namespace with the value array([0.000000e+00, 0.000000e+00, 8.000000e-04, ..., 9.998460e+02,
       9.998462e+02, 9.998484e+02]). The internal variable will be used. [brian2.groups.group.Group.resolve.resolution_conflict]
WARNING    't' is an internal variable of group 'synapses', but also exists in the run namespace with the value array([4.000000e-04, 1.400000e-03, 1.400000e-03, ..., 9.998462e+02,
       9.998468e+02, 9.998486e+02]). The internal variable will be used. [brian2.groups.group.Group.resolve.resolution_conflict]
WARNING    't' is an internal variable of group 'synapses', but also exists in the run namespace with the value array([4.000000e-04, 1.400000e-03, 1.400000e-03, ..., 9.998462e+02,
       9.998468e+02, 9.998486e+02]). The internal variable will be used. [brian2.groups.group.Group.resolve.resolution_conflict]
WARNING    't' is an internal variable of group 'synapses', but also exists in the run namespace with the value array([1.600000e-03, 1.600000e-03, 1.800000e-03, ..., 9.998490e+02,
       9.998496e+02, 9.998498e+02]). The internal variable will be used. [brian2.groups.group.Group.resolve.resolution_conflict]
WARNING    't' is an internal variable of group 'synapses', but also exists in the run namespace with the value array([3.13175792e-03, 3.22161657e-03, 5.14949794e-03, ...,
       4.99999076e+03, 4.99999080e+03, 4.99999422e+03]) * second. The internal variable will be used. [brian2.groups.group.Group.resolve.resolution_conflict]
WARNING    't' is an internal variable of group 'synapses', but also exists in the run namespace with the value array([0.000000e+00, 4.000000e-04, 4.000000e-04, ..., 9.998490e+02,
       9.998490e+02, 9.998494e+02]). The internal variable will be used. [brian2.groups.group.Group.resolve.resolution_conflict]
WARNING    't' is an internal variable of group 'synapses', but also exists in the run namespace with the value array([1.25515380e-03, 5.16713745e-03, 1.09191926e-02, ...,
       4.99999221e+03, 4.99999949e+03, 5.00000024e+03]) * second. The internal variable will be used. [brian2.groups.group.Group.resolve.resolution_conflict]
WARNING    't' is an internal variable of group 'synapses', but also exists in the run namespace with the value array([1.46439642e-03, 2.90245403e-03, 4.46649101e-03, ...,
       5.00000049e+03, 5.00000077e+03, 5.00000092e+03]) * second. The internal variable will be used. [brian2.groups.group.Group.resolve.resolution_conflict]
WARNING    't' is an internal variable of group 'synapses', but also exists in the run namespace with the value array([0.000000e+00, 0.000000e+00, 8.000000e-04, ..., 9.998460e+02,
       9.998462e+02, 9.998484e+02]). The internal variable will be used. [brian2.groups.group.Group.resolve.resolution_conflict]
WARNING    't' is an internal variable of group 'synapses', but also exists in the run namespace with the value array([0.000000e+00, 4.000000e-04, 6.000000e-04, ..., 9.998486e+02,
       9.998498e+02, 9.998498e+02]). The internal variable will be used. [brian2.groups.group.Group.resolve.resolution_conflict]
WARNING    't' is an internal variable of group 'synapses', but also exists in the run namespace with the value array([4.000000e-04, 4.000000e-04, 1.400000e-03, ..., 9.998482e+02,
       9.998486e+02, 9.998492e+02]). The internal variable will be used. [brian2.groups.group.Group.resolve.resolution_conflict]
WARNING    't' is an internal variable of group 'synapses', but also exists in the run namespace with the value array([4.000000e-04, 4.000000e-04, 1.400000e-03, ..., 9.998482e+02,
       9.998486e+02, 9.998492e+02]). The internal variable will be used. [brian2.groups.group.Group.resolve.resolution_conflict]
WARNING    't' is an internal variable of group 'synapses', but also exists in the run namespace with the value array([1.95208063e-03, 2.41537824e-03, 2.91996949e-03, ...,
       4.99999118e+03, 4.99999296e+03, 5.00000040e+03]) * second. The internal variable will be used. [brian2.groups.group.Group.resolve.resolution_conflict]
WARNING    't' is an internal variable of group 'synapses', but also exists in the run namespace with the value array([1.46439642e-03, 2.90245403e-03, 4.46649101e-03, ...,
       5.00000049e+03, 5.00000077e+03, 5.00000092e+03]) * second. The internal variable will be used. [brian2.groups.group.Group.resolve.resolution_conflict]
WARNING    't' is an internal variable of group 'synapses', but also exists in the run namespace with the value array([1.37898249e-03, 3.10675010e-03, 3.35893734e-03, ...,
       4.99999400e+03, 4.99999645e+03, 4.99999894e+03]) * second. The internal variable will be used. [brian2.groups.group.Group.resolve.resolution_conflict]
WARNING    't' is an internal variable of group 'synapses', but also exists in the run namespace with the value array([4.61762365e-03, 5.02988794e-03, 6.20007478e-03, ...,
       4.99999594e+03, 4.99999654e+03, 4.99999760e+03]) * second. The internal variable will be used. [brian2.groups.group.Group.resolve.resolution_conflict]
WARNING    't' is an internal variable of group 'synapses', but also exists in the run namespace with the value array([3.13175792e-03, 3.22161657e-03, 5.14949794e-03, ...,
       4.99999076e+03, 4.99999080e+03, 4.99999422e+03]) * second. The internal variable will be used. [brian2.groups.group.Group.resolve.resolution_conflict]
WARNING    't' is an internal variable of group 'synapses', but also exists in the run namespace with the value array([5.19462004e-04, 3.64128521e-03, 4.65232458e-03, ...,
       4.99999244e+03, 4.99999450e+03, 4.99999454e+03]) * second. The internal variable will be used. [brian2.groups.group.Group.resolve.resolution_conflict]
WARNING    't' is an internal variable of group 'synapses', but also exists in the run namespace with the value array([0.000000e+00, 4.000000e-04, 4.000000e-04, ..., 9.998490e+02,
       9.998490e+02, 9.998494e+02]). The internal variable will be used. [brian2.groups.group.Group.resolve.resolution_conflict]
WARNING    't' is an internal variable of group 'synapses', but also exists in the run namespace with the value array([5.19462004e-04, 3.64128521e-03, 4.65232458e-03, ...,
       4.99999244e+03, 4.99999450e+03, 4.99999454e+03]) * second. The internal variable will be used. [brian2.groups.group.Group.resolve.resolution_conflict]
WARNING    't' is an internal variable of group 'synapses', but also exists in the run namespace with the value array([1.95208063e-03, 2.41537824e-03, 2.91996949e-03, ...,
       4.99999118e+03, 4.99999296e+03, 5.00000040e+03]) * second. The internal variable will be used. [brian2.groups.group.Group.resolve.resolution_conflict]
WARNING    't' is an internal variable of group 'synapses', but also exists in the run namespace with the value array([1.28308352e-03, 2.58980271e-03, 4.93440229e-03, ...,
       4.99999726e+03, 4.99999971e+03, 5.00000070e+03]) * second. The internal variable will be used. [brian2.groups.group.Group.resolve.resolution_conflict]
WARNING    't' is an internal variable of group 'synapses', but also exists in the run namespace with the value array([1.46439642e-03, 2.90245403e-03, 4.46649101e-03, ...,
       5.00000049e+03, 5.00000077e+03, 5.00000092e+03]) * second. The internal variable will be used. [brian2.groups.group.Group.resolve.resolution_conflict]
WARNING    't' is an internal variable of group 'synapses', but also exists in the run namespace with the value array([4.61762365e-03, 5.02988794e-03, 6.20007478e-03, ...,
       4.99999594e+03, 4.99999654e+03, 4.99999760e+03]) * second. The internal variable will be used. [brian2.groups.group.Group.resolve.resolution_conflict]
WARNING    't' is an internal variable of group 'synapses', but also exists in the run namespace with the value array([1.25515380e-03, 5.16713745e-03, 1.09191926e-02, ...,
       4.99999221e+03, 4.99999949e+03, 5.00000024e+03]) * second. The internal variable will be used. [brian2.groups.group.Group.resolve.resolution_conflict]
WARNING    't' is an internal variable of group 'synapses', but also exists in the run namespace with the value array([1.25515380e-03, 5.16713745e-03, 1.09191926e-02, ...,
       4.99999221e+03, 4.99999949e+03, 5.00000024e+03]) * second. The internal variable will be used. [brian2.groups.group.Group.resolve.resolution_conflict]
WARNING    't' is an internal variable of group 'synapses', but also exists in the run namespace with the value array([5.19462004e-04, 3.64128521e-03, 4.65232458e-03, ...,
       4.99999244e+03, 4.99999450e+03, 4.99999454e+03]) * second. The internal variable will be used. [brian2.groups.group.Group.resolve.resolution_conflict]
WARNING    't' is an internal variable of group 'synapses', but also exists in the run namespace with the value array([3.13175792e-03, 3.22161657e-03, 5.14949794e-03, ...,
       4.99999076e+03, 4.99999080e+03, 4.99999422e+03]) * second. The internal variable will be used. [brian2.groups.group.Group.resolve.resolution_conflict]
WARNING    't' is an internal variable of group 'synapses', but also exists in the run namespace with the value array([1.28308352e-03, 2.58980271e-03, 4.93440229e-03, ...,
       4.99999726e+03, 4.99999971e+03, 5.00000070e+03]) * second. The internal variable will be used. [brian2.groups.group.Group.resolve.resolution_conflict]
WARNING    't' is an internal variable of group 'synapses', but also exists in the run namespace with the value array([1.37898249e-03, 3.10675010e-03, 3.35893734e-03, ...,
       4.99999400e+03, 4.99999645e+03, 4.99999894e+03]) * second. The internal variable will be used. [brian2.groups.group.Group.resolve.resolution_conflict]
saved mnist_gmap_tp0p5_tau10_seed70100.json.gz
saved mnist_gmap_tp0p5_tau10_seed70101.json.gz
saved mnist_gmap_tp0p5_tau10_seed70102.json.gz
saved mnist_gmap_tp0p5_tau10_seed70103.json.gz
saved mnist_gmap_tp0p5_tau10_seed70104.json.gz
saved mnist_gmap_tp0p5_tau10_seed70105.json.gz
saved mnist_gmap_tp0p5_tau10_seed70106.json.gz
saved mnist_gmap_tp0p5_tau10_seed70107.json.gz
saved mnist_gmap_tp1_tau5_seed70100.json.gz
saved mnist_gmap_tp1_tau5_seed70101.json.gz
saved mnist_gmap_tp1_tau5_seed70102.json.gz
saved mnist_gmap_tp1_tau5_seed70103.json.gz
saved mnist_gmap_tp1_tau5_seed70104.json.gz
saved mnist_gmap_tp1_tau5_seed70105.json.gz
saved mnist_gmap_tp1_tau5_seed70106.json.gz
saved mnist_gmap_tp1_tau5_seed70107.json.gz
saved mnist_gmap_tp0p4_tau25_seed70100.json.gz
saved mnist_gmap_tp0p4_tau25_seed70101.json.gz
saved mnist_gmap_tp0p4_tau25_seed70102.json.gz
saved mnist_gmap_tp0p4_tau25_seed70103.json.gz
saved mnist_gmap_tp0p4_tau25_seed70104.json.gz
saved mnist_gmap_tp0p4_tau25_seed70105.json.gz
saved mnist_gmap_tp0p4_tau25_seed70106.json.gz
saved mnist_gmap_tp0p4_tau25_seed70107.json.gz
saved gmap_tp0p5_tau10_n40_seed53100.json.gz
WARNING    Simulation stop requested. Press Ctrl+C again to interrupt. [brian2]
Container terminated due to preemption. Your Function will be restarted with the same input. For more details, see https://modal.com/docs/guide/preemption
WARNING    The name "tau" refers to different objects in different namespaces used for resolving names in the context of group "neurongroup_1". Will use the object from the group-specific namespace with the value 10. * msecond, but the name also refers to a variable in the run namespace with value '5.0'. [brian2.groups.group.Group.resolve.resolution_conflict]
WARNING    't' is an internal variable of group 'synapses_1', but also exists in the run namespace with the value array([4.61762365e-03, 5.02988794e-03, 6.20007478e-03, ...,
       4.99999594e+03, 4.99999654e+03, 4.99999760e+03]) * second. The internal variable will be used. [brian2.groups.group.Group.resolve.resolution_conflict]
saved gmap_tp0p5_tau10_n40_seed53101.json.gz
saved gmap_tp0p5_tau10_n40_seed53102.json.gz
saved gmap_tp0p5_tau10_n40_seed53103.json.gz
saved gmap_tp0p5_tau10_n40_seed53104.json.gz
saved gmap_tp0p5_tau10_n40_seed53105.json.gz
saved gmap_tp0p5_tau10_n40_seed53106.json.gz
saved gmap_tp0p5_tau10_n40_seed53107.json.gz
saved gmap_tp1_tau5_n40_seed53100.json.gz
saved gmap_tp1_tau5_n40_seed53101.json.gz
saved gmap_tp1_tau5_n40_seed53102.json.gz
saved gmap_tp1_tau5_n40_seed53103.json.gz
saved gmap_tp1_tau5_n40_seed53104.json.gz
saved gmap_tp1_tau5_n40_seed53105.json.gz
saved gmap_tp1_tau5_n40_seed53106.json.gz
saved gmap_tp1_tau5_n40_seed53107.json.gz
saved gmap_tp0p4_tau25_n40_seed53100.json.gz
saved gmap_tp0p4_tau25_n40_seed53101.json.gz
saved gmap_tp0p4_tau25_n40_seed53102.json.gz
saved gmap_tp0p4_tau25_n40_seed53103.json.gz
saved gmap_tp0p4_tau25_n40_seed53104.json.gz
saved gmap_tp0p4_tau25_n40_seed53105.json.gz
saved gmap_tp0p4_tau25_n40_seed53106.json.gz
saved gmap_tp0p4_tau25_n40_seed53107.json.gz
== 48/48 completed
Stopping app - local entrypoint completed.
✓ App completed. View run at 
https://modal.com/apps/jaspersgmail/main/ap-Kj6Y87BXP4NGr9pK6Weo0J
