✓ Initialized. View run at 
https://modal.com/apps/jaspersgmail/main/ap-fK77lUNnp0fMZdVZ6AUvQE
✓ Created objects.
├── ✓ Uploaded C:\Users\urawi\OneDrive\Desktop\a wide variety of vscode 
│   projects\developing-mind\notebooks\brian2\unified_substrate\modal_dose.py
├── ✓ Uploaded C:\Users\urawi\OneDrive\Desktop\a wide variety of vscode 
│   projects\developing-mind\notebooks\brian2\mnist_pilot\data\pilot_subset.npz
├── ✓ Uploaded C:\Users\urawi\OneDrive\Desktop\a wide variety of vscode 
│   projects\developing-mind\notebooks\brian2\mnist_pilot\mnist_sim.py
├── ✓ Uploaded C:\Users\urawi\OneDrive\Desktop\a wide variety of vscode 
│   projects\developing-mind\notebooks\brian2\modal_common.py
├── ✓ Uploaded PythonPackage:src
├── ✓ Created Function run_click.
└── ✓ Created Function run_mnist.
32 click + 24 MNIST runs to do
WARNING    't' is an internal variable of group 'synapses', but also exists in the run namespace with the value array([3.54427642e-03, 4.29659818e-03, 5.55809810e-03, ...,
       4.99999928e+03, 5.00000010e+03, 5.00000092e+03]) * second. The internal variable will be used. [brian2.groups.group.Group.resolve.resolution_conflict]
WARNING    't' is an internal variable of group 'synapses', but also exists in the run namespace with the value array([9.39697161e-04, 1.67558328e-03, 1.28613365e-02, ...,
       4.99999358e+03, 4.99999792e+03, 4.99999929e+03]) * second. The internal variable will be used. [brian2.groups.group.Group.resolve.resolution_conflict]
WARNING    't' is an internal variable of group 'synapses', but also exists in the run namespace with the value array([9.64321888e-06, 1.16761188e-03, 4.93221472e-03, ...,
       4.99998565e+03, 4.99998952e+03, 4.99999333e+03]) * second. The internal variable will be used. [brian2.groups.group.Group.resolve.resolution_conflict]
WARNING    't' is an internal variable of group 'synapses', but also exists in the run namespace with the value array([1.95208063e-03, 2.41537824e-03, 2.91996949e-03, ...,
       4.99999118e+03, 4.99999296e+03, 5.00000040e+03]) * second. The internal variable will be used. [brian2.groups.group.Group.resolve.resolution_conflict]
WARNING    't' is an internal variable of group 'synapses', but also exists in the run namespace with the value array([4.46234683e-04, 6.99444656e-04, 8.96060421e-04, ...,
       4.99999266e+03, 4.99999527e+03, 4.99999839e+03]) * second. The internal variable will be used. [brian2.groups.group.Group.resolve.resolution_conflict]
WARNING    't' is an internal variable of group 'synapses', but also exists in the run namespace with the value array([2.0000000e-04, 4.0000000e-04, 6.0000000e-04, ..., 6.3998484e+03,
       6.3998486e+03, 6.3998492e+03]). The internal variable will be used. [brian2.groups.group.Group.resolve.resolution_conflict]
WARNING    't' is an internal variable of group 'synapses', but also exists in the run namespace with the value array([9.39697161e-04, 1.67558328e-03, 1.28613365e-02, ...,
       4.99999358e+03, 4.99999792e+03, 4.99999929e+03]) * second. The internal variable will be used. [brian2.groups.group.Group.resolve.resolution_conflict]
WARNING    't' is an internal variable of group 'synapses', but also exists in the run namespace with the value array([2.0000000e-04, 2.0000000e-04, 2.0000000e-04, ..., 6.3998470e+03,
       6.3998474e+03, 6.3998484e+03]). The internal variable will be used. [brian2.groups.group.Group.resolve.resolution_conflict]
WARNING    't' is an internal variable of group 'synapses', but also exists in the run namespace with the value array([0.0000000e+00, 2.0000000e-04, 6.0000000e-04, ..., 6.3998484e+03,
       6.3998488e+03, 6.3998498e+03]). The internal variable will be used. [brian2.groups.group.Group.resolve.resolution_conflict]
WARNING    't' is an internal variable of group 'synapses', but also exists in the run namespace with the value array([2.0000000e-04, 4.0000000e-04, 6.0000000e-04, ..., 6.3998484e+03,
       6.3998486e+03, 6.3998492e+03]). The internal variable will be used. [brian2.groups.group.Group.resolve.resolution_conflict]
WARNING    't' is an internal variable of group 'synapses', but also exists in the run namespace with the value array([0.0000000e+00, 0.0000000e+00, 2.0000000e-04, ..., 6.3998472e+03,
       6.3998486e+03, 6.3998498e+03]). The internal variable will be used. [brian2.groups.group.Group.resolve.resolution_conflict]
WARNING    't' is an internal variable of group 'synapses', but also exists in the run namespace with the value array([8.0000000e-04, 1.4000000e-03, 1.4000000e-03, ..., 6.3998488e+03,
       6.3998492e+03, 6.3998498e+03]). The internal variable will be used. [brian2.groups.group.Group.resolve.resolution_conflict]
WARNING    't' is an internal variable of group 'synapses', but also exists in the run namespace with the value array([1.25515380e-03, 5.16713745e-03, 1.09191926e-02, ...,
       4.99999221e+03, 4.99999949e+03, 5.00000024e+03]) * second. The internal variable will be used. [brian2.groups.group.Group.resolve.resolution_conflict]
WARNING    't' is an internal variable of group 'synapses', but also exists in the run namespace with the value array([3.13175792e-03, 3.22161657e-03, 5.14949794e-03, ...,
       4.99999076e+03, 4.99999080e+03, 4.99999422e+03]) * second. The internal variable will be used. [brian2.groups.group.Group.resolve.resolution_conflict]
WARNING    't' is an internal variable of group 'synapses', but also exists in the run namespace with the value array([5.19462004e-04, 3.64128521e-03, 4.65232458e-03, ...,
       4.99999244e+03, 4.99999450e+03, 4.99999454e+03]) * second. The internal variable will be used. [brian2.groups.group.Group.resolve.resolution_conflict]
WARNING    't' is an internal variable of group 'synapses', but also exists in the run namespace with the value array([3.33796410e-03, 6.51634791e-03, 7.45153870e-03, ...,
       4.99999727e+03, 4.99999743e+03, 4.99999791e+03]) * second. The internal variable will be used. [brian2.groups.group.Group.resolve.resolution_conflict]
WARNING    't' is an internal variable of group 'synapses', but also exists in the run namespace with the value array([3.33796410e-03, 6.51634791e-03, 7.45153870e-03, ...,
       4.99999727e+03, 4.99999743e+03, 4.99999791e+03]) * second. The internal variable will be used. [brian2.groups.group.Group.resolve.resolution_conflict]
WARNING    't' is an internal variable of group 'synapses', but also exists in the run namespace with the value array([4.68746774e-04, 4.63175311e-03, 5.77962310e-03, ...,
       4.99999366e+03, 4.99999471e+03, 4.99999959e+03]) * second. The internal variable will be used. [brian2.groups.group.Group.resolve.resolution_conflict]
WARNING    't' is an internal variable of group 'synapses', but also exists in the run namespace with the value array([4.61762365e-03, 5.02988794e-03, 6.20007478e-03, ...,
       4.99999594e+03, 4.99999654e+03, 4.99999760e+03]) * second. The internal variable will be used. [brian2.groups.group.Group.resolve.resolution_conflict]
WARNING    't' is an internal variable of group 'synapses', but also exists in the run namespace with the value array([1.37898249e-03, 3.10675010e-03, 3.35893734e-03, ...,
       4.99999400e+03, 4.99999645e+03, 4.99999894e+03]) * second. The internal variable will be used. [brian2.groups.group.Group.resolve.resolution_conflict]
WARNING    't' is an internal variable of group 'synapses', but also exists in the run namespace with the value array([1.46439642e-03, 2.90245403e-03, 4.46649101e-03, ...,
       5.00000049e+03, 5.00000077e+03, 5.00000092e+03]) * second. The internal variable will be used. [brian2.groups.group.Group.resolve.resolution_conflict]
WARNING    't' is an internal variable of group 'synapses', but also exists in the run namespace with the value array([6.0000000e-04, 1.0000000e-03, 1.8000000e-03, ..., 6.3998486e+03,
       6.3998492e+03, 6.3998496e+03]). The internal variable will be used. [brian2.groups.group.Group.resolve.resolution_conflict]
WARNING    't' is an internal variable of group 'synapses', but also exists in the run namespace with the value array([9.64321888e-06, 1.16761188e-03, 4.93221472e-03, ...,
       4.99998565e+03, 4.99998952e+03, 4.99999333e+03]) * second. The internal variable will be used. [brian2.groups.group.Group.resolve.resolution_conflict]
WARNING    't' is an internal variable of group 'synapses', but also exists in the run namespace with the value array([6.0000000e-04, 2.2000000e-03, 2.8000000e-03, ..., 6.3998496e+03,
       6.3998496e+03, 6.3998498e+03]). The internal variable will be used. [brian2.groups.group.Group.resolve.resolution_conflict]
WARNING    't' is an internal variable of group 'synapses', but also exists in the run namespace with the value array([6.0000000e-04, 2.2000000e-03, 2.8000000e-03, ..., 6.3998496e+03,
       6.3998496e+03, 6.3998498e+03]). The internal variable will be used. [brian2.groups.group.Group.resolve.resolution_conflict]
WARNING    't' is an internal variable of group 'synapses', but also exists in the run namespace with the value array([3.13175792e-03, 3.22161657e-03, 5.14949794e-03, ...,
       4.99999076e+03, 4.99999080e+03, 4.99999422e+03]) * second. The internal variable will be used. [brian2.groups.group.Group.resolve.resolution_conflict]
WARNING    't' is an internal variable of group 'synapses', but also exists in the run namespace with the value array([1.95208063e-03, 2.41537824e-03, 2.91996949e-03, ...,
       4.99999118e+03, 4.99999296e+03, 5.00000040e+03]) * second. The internal variable will be used. [brian2.groups.group.Group.resolve.resolution_conflict]
WARNING    't' is an internal variable of group 'synapses', but also exists in the run namespace with the value array([1.28308352e-03, 2.58980271e-03, 4.93440229e-03, ...,
       4.99999726e+03, 4.99999971e+03, 5.00000070e+03]) * second. The internal variable will be used. [brian2.groups.group.Group.resolve.resolution_conflict]
WARNING    't' is an internal variable of group 'synapses', but also exists in the run namespace with the value array([0.0000000e+00, 0.0000000e+00, 2.0000000e-04, ..., 6.3998472e+03,
       6.3998486e+03, 6.3998498e+03]). The internal variable will be used. [brian2.groups.group.Group.resolve.resolution_conflict]
WARNING    't' is an internal variable of group 'synapses', but also exists in the run namespace with the value array([4.61762365e-03, 5.02988794e-03, 6.20007478e-03, ...,
       4.99999594e+03, 4.99999654e+03, 4.99999760e+03]) * second. The internal variable will be used. [brian2.groups.group.Group.resolve.resolution_conflict]
WARNING    't' is an internal variable of group 'synapses', but also exists in the run namespace with the value array([1.46439642e-03, 2.90245403e-03, 4.46649101e-03, ...,
       5.00000049e+03, 5.00000077e+03, 5.00000092e+03]) * second. The internal variable will be used. [brian2.groups.group.Group.resolve.resolution_conflict]
WARNING    't' is an internal variable of group 'synapses', but also exists in the run namespace with the value array([8.0000000e-04, 1.4000000e-03, 1.4000000e-03, ..., 6.3998488e+03,
       6.3998492e+03, 6.3998498e+03]). The internal variable will be used. [brian2.groups.group.Group.resolve.resolution_conflict]
WARNING    't' is an internal variable of group 'synapses', but also exists in the run namespace with the value array([5.19462004e-04, 3.64128521e-03, 4.65232458e-03, ...,
       4.99999244e+03, 4.99999450e+03, 4.99999454e+03]) * second. The internal variable will be used. [brian2.groups.group.Group.resolve.resolution_conflict]
WARNING    't' is an internal variable of group 'synapses', but also exists in the run namespace with the value array([8.0000000e-04, 1.4000000e-03, 1.4000000e-03, ..., 6.3998488e+03,
       6.3998492e+03, 6.3998498e+03]). The internal variable will be used. [brian2.groups.group.Group.resolve.resolution_conflict]
WARNING    't' is an internal variable of group 'synapses', but also exists in the run namespace with the value array([6.0000000e-04, 2.2000000e-03, 2.8000000e-03, ..., 6.3998496e+03,
       6.3998496e+03, 6.3998498e+03]). The internal variable will be used. [brian2.groups.group.Group.resolve.resolution_conflict]
WARNING    't' is an internal variable of group 'synapses', but also exists in the run namespace with the value array([5.36045090e-03, 5.42024763e-03, 6.30111213e-03, ...,
       4.99999703e+03, 4.99999816e+03, 4.99999908e+03]) * second. The internal variable will be used. [brian2.groups.group.Group.resolve.resolution_conflict]
WARNING    't' is an internal variable of group 'synapses', but also exists in the run namespace with the value array([1.37898249e-03, 3.10675010e-03, 3.35893734e-03, ...,
       4.99999400e+03, 4.99999645e+03, 4.99999894e+03]) * second. The internal variable will be used. [brian2.groups.group.Group.resolve.resolution_conflict]
WARNING    't' is an internal variable of group 'synapses', but also exists in the run namespace with the value array([1.25515380e-03, 5.16713745e-03, 1.09191926e-02, ...,
       4.99999221e+03, 4.99999949e+03, 5.00000024e+03]) * second. The internal variable will be used. [brian2.groups.group.Group.resolve.resolution_conflict]
WARNING    't' is an internal variable of group 'synapses', but also exists in the run namespace with the value array([6.0000000e-04, 1.0000000e-03, 1.8000000e-03, ..., 6.3998486e+03,
       6.3998492e+03, 6.3998496e+03]). The internal variable will be used. [brian2.groups.group.Group.resolve.resolution_conflict]
WARNING    't' is an internal variable of group 'synapses', but also exists in the run namespace with the value array([4.0000000e-04, 1.2000000e-03, 1.4000000e-03, ..., 6.3998476e+03,
       6.3998478e+03, 6.3998482e+03]). The internal variable will be used. [brian2.groups.group.Group.resolve.resolution_conflict]
WARNING    't' is an internal variable of group 'synapses', but also exists in the run namespace with the value array([2.0000000e-04, 2.0000000e-04, 2.0000000e-04, ..., 6.3998470e+03,
       6.3998474e+03, 6.3998484e+03]). The internal variable will be used. [brian2.groups.group.Group.resolve.resolution_conflict]
WARNING    't' is an internal variable of group 'synapses', but also exists in the run namespace with the value array([4.68746774e-04, 4.63175311e-03, 5.77962310e-03, ...,
       4.99999366e+03, 4.99999471e+03, 4.99999959e+03]) * second. The internal variable will be used. [brian2.groups.group.Group.resolve.resolution_conflict]
WARNING    't' is an internal variable of group 'synapses', but also exists in the run namespace with the value array([2.0000000e-04, 2.0000000e-04, 2.0000000e-04, ..., 6.3998470e+03,
       6.3998474e+03, 6.3998484e+03]). The internal variable will be used. [brian2.groups.group.Group.resolve.resolution_conflict]
WARNING    't' is an internal variable of group 'synapses', but also exists in the run namespace with the value array([0.0000000e+00, 2.0000000e-04, 6.0000000e-04, ..., 6.3998484e+03,
       6.3998488e+03, 6.3998498e+03]). The internal variable will be used. [brian2.groups.group.Group.resolve.resolution_conflict]
WARNING    't' is an internal variable of group 'synapses', but also exists in the run namespace with the value array([3.54427642e-03, 4.29659818e-03, 5.55809810e-03, ...,
       4.99999928e+03, 5.00000010e+03, 5.00000092e+03]) * second. The internal variable will be used. [brian2.groups.group.Group.resolve.resolution_conflict]
WARNING    't' is an internal variable of group 'synapses', but also exists in the run namespace with the value array([5.16594529e-04, 3.89150703e-03, 4.73050944e-03, ...,
       5.00000100e+03, 5.00000100e+03, 5.00000100e+03]) * second. The internal variable will be used. [brian2.groups.group.Group.resolve.resolution_conflict]
WARNING    't' is an internal variable of group 'synapses', but also exists in the run namespace with the value array([1.28308352e-03, 2.58980271e-03, 4.93440229e-03, ...,
       4.99999726e+03, 4.99999971e+03, 5.00000070e+03]) * second. The internal variable will be used. [brian2.groups.group.Group.resolve.resolution_conflict]
WARNING    't' is an internal variable of group 'synapses', but also exists in the run namespace with the value array([0.0000000e+00, 0.0000000e+00, 2.0000000e-04, ..., 6.3998472e+03,
       6.3998486e+03, 6.3998498e+03]). The internal variable will be used. [brian2.groups.group.Group.resolve.resolution_conflict]
WARNING    't' is an internal variable of group 'synapses', but also exists in the run namespace with the value array([4.0000000e-04, 1.2000000e-03, 1.4000000e-03, ..., 6.3998476e+03,
       6.3998478e+03, 6.3998482e+03]). The internal variable will be used. [brian2.groups.group.Group.resolve.resolution_conflict]
WARNING    't' is an internal variable of group 'synapses', but also exists in the run namespace with the value array([2.0000000e-04, 4.0000000e-04, 6.0000000e-04, ..., 6.3998484e+03,
       6.3998486e+03, 6.3998492e+03]). The internal variable will be used. [brian2.groups.group.Group.resolve.resolution_conflict]
WARNING    't' is an internal variable of group 'synapses', but also exists in the run namespace with the value array([6.0000000e-04, 1.0000000e-03, 1.8000000e-03, ..., 6.3998486e+03,
       6.3998492e+03, 6.3998496e+03]). The internal variable will be used. [brian2.groups.group.Group.resolve.resolution_conflict]
WARNING    't' is an internal variable of group 'synapses', but also exists in the run namespace with the value array([4.0000000e-04, 1.2000000e-03, 1.4000000e-03, ..., 6.3998476e+03,
       6.3998478e+03, 6.3998482e+03]). The internal variable will be used. [brian2.groups.group.Group.resolve.resolution_conflict]
WARNING    't' is an internal variable of group 'synapses', but also exists in the run namespace with the value array([5.16594529e-04, 3.89150703e-03, 4.73050944e-03, ...,
       5.00000100e+03, 5.00000100e+03, 5.00000100e+03]) * second. The internal variable will be used. [brian2.groups.group.Group.resolve.resolution_conflict]
WARNING    't' is an internal variable of group 'synapses', but also exists in the run namespace with the value array([5.36045090e-03, 5.42024763e-03, 6.30111213e-03, ...,
       4.99999703e+03, 4.99999816e+03, 4.99999908e+03]) * second. The internal variable will be used. [brian2.groups.group.Group.resolve.resolution_conflict]
WARNING    't' is an internal variable of group 'synapses', but also exists in the run namespace with the value array([4.46234683e-04, 6.99444656e-04, 8.96060421e-04, ...,
       4.99999266e+03, 4.99999527e+03, 4.99999839e+03]) * second. The internal variable will be used. [brian2.groups.group.Group.resolve.resolution_conflict]
WARNING    't' is an internal variable of group 'synapses', but also exists in the run namespace with the value array([0.0000000e+00, 2.0000000e-04, 6.0000000e-04, ..., 6.3998484e+03,
       6.3998488e+03, 6.3998498e+03]). The internal variable will be used. [brian2.groups.group.Group.resolve.resolution_conflict]
WARNING    Simulation stop requested. Press Ctrl+C again to interrupt. [brian2]
Container terminated due to preemption. Your Function will be restarted with the same input. For more details, see https://modal.com/docs/guide/preemption
WARNING    't' is an internal variable of group 'synapses', but also exists in the run namespace with the value array([2.0000000e-04, 2.0000000e-04, 2.0000000e-04, ..., 6.3998470e+03,
       6.3998474e+03, 6.3998484e+03]). The internal variable will be used. [brian2.groups.group.Group.resolve.resolution_conflict]
saved dose_tp0p005_n7_seed53000.json.gz (wall 1064s)
saved dose_tp0p005_n7_seed53001.json.gz (wall 1065s)
saved dose_tp0p005_n7_seed53002.json.gz (wall 1104s)
saved dose_tp0p005_n7_seed53003.json.gz (wall 1083s)
saved dose_tp0p005_n7_seed53004.json.gz (wall 1116s)
saved dose_tp0p005_n7_seed53005.json.gz (wall 654s)
saved dose_tp0p005_n7_seed53006.json.gz (wall 1107s)
saved dose_tp0p005_n7_seed53007.json.gz (wall 666s)
saved dose_tp0p005_n40_seed53100.json.gz (wall 1157s)
saved dose_tp0p005_n40_seed53101.json.gz (wall 838s)
saved dose_tp0p005_n40_seed53102.json.gz (wall 1107s)
saved dose_tp0p005_n40_seed53103.json.gz (wall 1055s)
saved dose_tp0p005_n40_seed53104.json.gz (wall 1092s)
saved dose_tp0p005_n40_seed53105.json.gz (wall 688s)
saved dose_tp0p005_n40_seed53106.json.gz (wall 1047s)
saved dose_tp0p005_n40_seed53107.json.gz (wall 1108s)
saved dose_tp0p0005_n7_seed53000.json.gz (wall 1002s)
saved dose_tp0p0005_n7_seed53001.json.gz (wall 652s)
saved dose_tp0p0005_n7_seed53002.json.gz (wall 666s)
saved dose_tp0p0005_n7_seed53003.json.gz (wall 1094s)
Container terminated due to preemption. Your Function will be restarted with the same input. For more details, see https://modal.com/docs/guide/preemption
saved dose_tp0p0005_n7_seed53004.json.gz (wall 1140s)
saved dose_tp0p0005_n7_seed53005.json.gz (wall 1251s)
saved dose_tp0p0005_n7_seed53006.json.gz (wall 1215s)
saved dose_tp0p0005_n7_seed53007.json.gz (wall 651s)
saved dose_tp0p0005_n40_seed53100.json.gz (wall 1175s)
saved dose_tp0p0005_n40_seed53101.json.gz (wall 1124s)
saved dose_tp0p0005_n40_seed53102.json.gz (wall 1079s)
saved dose_tp0p0005_n40_seed53103.json.gz (wall 1124s)
saved dose_tp0p0005_n40_seed53104.json.gz (wall 1100s)
saved dose_tp0p0005_n40_seed53105.json.gz (wall 1131s)
saved dose_tp0p0005_n40_seed53106.json.gz (wall 1036s)
saved dose_tp0p0005_n40_seed53107.json.gz (wall 1123s)
saved mnist_dose_tp0p05_e10_seed70100.json.gz (wall 1586s)
saved mnist_dose_tp0p05_e10_seed70101.json.gz (wall 1553s)
saved mnist_dose_tp0p05_e10_seed70102.json.gz (wall 1507s)
