✓ Initialized. View run at 
https://modal.com/apps/jaspersgmail/main/ap-0cd0LyEA8ZJ7Y9QA9QETh4
✓ Created objects.
├── ✓ Uploaded C:\Users\urawi\OneDrive\Desktop\a wide variety of vscode 
│   projects\developing-mind\notebooks\brian2\unified_substrate\modal_unify.py
├── ✓ Uploaded C:\Users\urawi\OneDrive\Desktop\a wide variety of vscode 
│   projects\developing-mind\notebooks\brian2\mnist_pilot\mnist_sim.py
├── ✓ Uploaded C:\Users\urawi\OneDrive\Desktop\a wide variety of vscode 
│   projects\developing-mind\notebooks\brian2\modal_common.py
├── ✓ Uploaded PythonPackage:src
└── ✓ Created Function run_n.
16 runs to do
WARNING    't' is an internal variable of group 'synapses', but also exists in the run namespace with the value array([9.39697161e-04, 1.67558328e-03, 1.28613365e-02, ...,
       4.99999358e+03, 4.99999792e+03, 4.99999929e+03]) * second. The internal variable will be used. [brian2.groups.group.Group.resolve.resolution_conflict]
WARNING    't' is an internal variable of group 'synapses', but also exists in the run namespace with the value array([3.13175792e-03, 3.22161657e-03, 5.14949794e-03, ...,
       4.99999076e+03, 4.99999080e+03, 4.99999422e+03]) * second. The internal variable will be used. [brian2.groups.group.Group.resolve.resolution_conflict]
WARNING    't' is an internal variable of group 'synapses', but also exists in the run namespace with the value array([5.36045090e-03, 5.42024763e-03, 6.30111213e-03, ...,
       4.99999703e+03, 4.99999816e+03, 4.99999908e+03]) * second. The internal variable will be used. [brian2.groups.group.Group.resolve.resolution_conflict]
WARNING    't' is an internal variable of group 'synapses', but also exists in the run namespace with the value array([3.33796410e-03, 6.51634791e-03, 7.45153870e-03, ...,
       4.99999727e+03, 4.99999743e+03, 4.99999791e+03]) * second. The internal variable will be used. [brian2.groups.group.Group.resolve.resolution_conflict]
WARNING    't' is an internal variable of group 'synapses', but also exists in the run namespace with the value array([4.61762365e-03, 5.02988794e-03, 6.20007478e-03, ...,
       4.99999594e+03, 4.99999654e+03, 4.99999760e+03]) * second. The internal variable will be used. [brian2.groups.group.Group.resolve.resolution_conflict]
WARNING    't' is an internal variable of group 'synapses', but also exists in the run namespace with the value array([5.16594529e-04, 3.89150703e-03, 4.73050944e-03, ...,
       5.00000100e+03, 5.00000100e+03, 5.00000100e+03]) * second. The internal variable will be used. [brian2.groups.group.Group.resolve.resolution_conflict]
WARNING    't' is an internal variable of group 'synapses', but also exists in the run namespace with the value array([4.68746774e-04, 4.63175311e-03, 5.77962310e-03, ...,
       4.99999366e+03, 4.99999471e+03, 4.99999959e+03]) * second. The internal variable will be used. [brian2.groups.group.Group.resolve.resolution_conflict]
WARNING    't' is an internal variable of group 'synapses', but also exists in the run namespace with the value array([1.95208063e-03, 2.41537824e-03, 2.91996949e-03, ...,
       4.99999118e+03, 4.99999296e+03, 5.00000040e+03]) * second. The internal variable will be used. [brian2.groups.group.Group.resolve.resolution_conflict]
WARNING    't' is an internal variable of group 'synapses', but also exists in the run namespace with the value array([5.19462004e-04, 3.64128521e-03, 4.65232458e-03, ...,
       4.99999244e+03, 4.99999450e+03, 4.99999454e+03]) * second. The internal variable will be used. [brian2.groups.group.Group.resolve.resolution_conflict]
WARNING    't' is an internal variable of group 'synapses', but also exists in the run namespace with the value array([1.28308352e-03, 2.58980271e-03, 4.93440229e-03, ...,
       4.99999726e+03, 4.99999971e+03, 5.00000070e+03]) * second. The internal variable will be used. [brian2.groups.group.Group.resolve.resolution_conflict]
WARNING    't' is an internal variable of group 'synapses', but also exists in the run namespace with the value array([1.37898249e-03, 3.10675010e-03, 3.35893734e-03, ...,
       4.99999400e+03, 4.99999645e+03, 4.99999894e+03]) * second. The internal variable will be used. [brian2.groups.group.Group.resolve.resolution_conflict]
WARNING    't' is an internal variable of group 'synapses', but also exists in the run namespace with the value array([9.64321888e-06, 1.16761188e-03, 4.93221472e-03, ...,
       4.99998565e+03, 4.99998952e+03, 4.99999333e+03]) * second. The internal variable will be used. [brian2.groups.group.Group.resolve.resolution_conflict]
WARNING    't' is an internal variable of group 'synapses', but also exists in the run namespace with the value array([3.54427642e-03, 4.29659818e-03, 5.55809810e-03, ...,
       4.99999928e+03, 5.00000010e+03, 5.00000092e+03]) * second. The internal variable will be used. [brian2.groups.group.Group.resolve.resolution_conflict]
WARNING    't' is an internal variable of group 'synapses', but also exists in the run namespace with the value array([4.46234683e-04, 6.99444656e-04, 8.96060421e-04, ...,
       4.99999266e+03, 4.99999527e+03, 4.99999839e+03]) * second. The internal variable will be used. [brian2.groups.group.Group.resolve.resolution_conflict]
WARNING    't' is an internal variable of group 'synapses', but also exists in the run namespace with the value array([1.46439642e-03, 2.90245403e-03, 4.46649101e-03, ...,
       5.00000049e+03, 5.00000077e+03, 5.00000092e+03]) * second. The internal variable will be used. [brian2.groups.group.Group.resolve.resolution_conflict]
WARNING    't' is an internal variable of group 'synapses', but also exists in the run namespace with the value array([1.25515380e-03, 5.16713745e-03, 1.09191926e-02, ...,
       4.99999221e+03, 4.99999949e+03, 5.00000024e+03]) * second. The internal variable will be used. [brian2.groups.group.Group.resolve.resolution_conflict]
N=7 seed 53007 saved (wall 638s)
N=7 seed 53006 saved (wall 644s)
N=7 seed 53000 saved (wall 645s)
N=40 seed 53103 saved (wall 676s)
N=40 seed 53102 saved (wall 685s)
N=7 seed 53004 saved (wall 883s)
N=7 seed 53003 saved (wall 1055s)
N=40 seed 53105 saved (wall 1044s)
N=7 seed 53002 saved (wall 1087s)
N=7 seed 53001 saved (wall 1105s)
N=7 seed 53005 saved (wall 1144s)
N=40 seed 53106 saved (wall 1163s)
N=40 seed 53107 saved (wall 1180s)
N=40 seed 53100 saved (wall 1234s)
N=40 seed 53104 saved (wall 1238s)
N=40 seed 53101 saved (wall 1295s)
== 16/16 completed
Stopping app - local entrypoint completed.
✓ App completed. View run at 
https://modal.com/apps/jaspersgmail/main/ap-0cd0LyEA8ZJ7Y9QA9QETh4
