WARNING    't' is an internal variable of group 'synapses', but also exists in the run namespace with the value array([7.86241607e-03, 9.39644125e-03, 2.32437710e-02, ...,
       2.59999558e+03, 2.59999570e+03, 2.59999818e+03]) * second. The internal variable will be used. [brian2.groups.group.Group.resolve.resolution_conflict]
[settle] t=50s gap=[0.382, 0.401, 0.402] top=[0, 1, 2]
[settle] t=100s gap=[0.609, 0.635, 0.653] top=[0, 1, 2]
[settle] t=150s gap=[0.701, 0.664, 0.718] top=[0, 2]
[settle] t=200s gap=[0.747, 0.683, 0.735] top=[0, 2]
[settle] t=250s gap=[0.761, 0.766, 0.754] top=[0, 1, 2]
[settle] t=300s gap=[0.78, 0.788, 0.768] top=[0, 1, 2]
[settle] t=350s gap=[0.785, 0.795, 0.795] top=[0, 1, 2]
[settle] t=400s gap=[0.782, 0.767, 0.776] top=[0, 1, 2]
[nudge] target=1 fraction=0.1 corr_w 0.884 -> 0.895
[recover frac=0.1] t+50s gap=[0.717, 0.72, 0.762] top=[2]
[recover frac=0.1] t+100s gap=[0.739, 0.733, 0.717] top=[0, 1, 2]
[recover frac=0.1] t+150s gap=[0.752, 0.773, 0.758] top=[0, 1, 2]
[recover frac=0.1] t+200s gap=[0.801, 0.782, 0.782] top=[0, 1, 2]
[nudge] target=1 fraction=0.2 corr_w 0.888 -> 0.910
[recover frac=0.2] t+50s gap=[0.722, 0.743, 0.758] top=[0, 1, 2]
[recover frac=0.2] t+100s gap=[0.79, 0.783, 0.774] top=[0, 1, 2]
[recover frac=0.2] t+150s gap=[0.781, 0.778, 0.769] top=[0, 1, 2]
[recover frac=0.2] t+200s gap=[0.768, 0.778, 0.769] top=[0, 1, 2]
[nudge] target=1 fraction=0.3 corr_w 0.891 -> 0.924
[recover frac=0.3] t+50s gap=[0.756, 0.751, 0.754] top=[0, 1, 2]
[recover frac=0.3] t+100s gap=[0.756, 0.746, 0.752] top=[0, 1, 2]
[recover frac=0.3] t+150s gap=[0.756, 0.753, 0.748] top=[0, 1, 2]
[recover frac=0.3] t+200s gap=[0.788, 0.79, 0.765] top=[0, 1, 2]
[nudge] target=1 fraction=0.4 corr_w 0.892 -> 0.935
[recover frac=0.4] t+50s gap=[0.753, 0.78, 0.751] top=[0, 1, 2]
[recover frac=0.4] t+100s gap=[0.783, 0.774, 0.787] top=[0, 1, 2]
[recover frac=0.4] t+150s gap=[0.794, 0.797, 0.787] top=[0, 1, 2]
[recover frac=0.4] t+200s gap=[0.755, 0.75, 0.766] top=[0, 1, 2]
[nudge] target=1 fraction=0.5 corr_w 0.874 -> 0.937
[recover frac=0.5] t+50s gap=[0.759, 0.778, 0.757] top=[0, 1, 2]
[recover frac=0.5] t+100s gap=[0.771, 0.769, 0.759] top=[0, 1, 2]
[recover frac=0.5] t+150s gap=[0.773, 0.751, 0.765] top=[0, 1, 2]
[recover frac=0.5] t+200s gap=[0.736, 0.773, 0.77] top=[1, 2]
[nudge] target=1 fraction=0.6 corr_w 0.893 -> 0.957
[recover frac=0.6] t+50s gap=[0.792, 0.83, 0.79] top=[1]
[recover frac=0.6] t+100s gap=[0.761, 0.764, 0.768] top=[0, 1, 2]
[recover frac=0.6] t+150s gap=[0.729, 0.78, 0.767] top=[1, 2]
[recover frac=0.6] t+200s gap=[0.731, 0.756, 0.76] top=[0, 1, 2]
perturbation v2 seed 28003 -> C:\Users\urawi\OneDrive\Desktop\a wide variety of vscode projects\developing-mind\notebooks\brian2\perturbation_data\perturbv2dense_strong_tight_gate_seed28003.json
