WARNING    't' is an internal variable of group 'synapses', but also exists in the run namespace with the value array([1.50953168e-03, 5.10899227e-03, 5.44162120e-03, ...,
       2.19999306e+03, 2.19999572e+03, 2.19999912e+03]) * second. The internal variable will be used. [brian2.groups.group.Group.resolve.resolution_conflict]
[settle] t=50s gap=[0.36, 0.38, 0.303] top=[0, 1]
[settle] t=100s gap=[0.574, 0.634, 0.536] top=[1]
[settle] t=150s gap=[0.691, 0.764, 0.616] top=[1]
[settle] t=200s gap=[0.739, 0.772, 0.689] top=[1]
[settle] t=250s gap=[0.771, 0.775, 0.756] top=[0, 1, 2]
[settle] t=300s gap=[0.795, 0.799, 0.795] top=[0, 1, 2]
[settle] t=350s gap=[0.761, 0.761, 0.744] top=[0, 1, 2]
[settle] t=400s gap=[0.776, 0.774, 0.764] top=[0, 1, 2]
[settle] t=450s gap=[0.748, 0.772, 0.769] top=[0, 1, 2]
[nudge] target=0 fraction=0.25 corr_w 0.874 -> 0.905
[recover frac=0.25] t+50s gap=[0.756, 0.777, 0.761] top=[0, 1, 2]
[recover frac=0.25] t+100s gap=[0.775, 0.764, 0.78] top=[0, 1, 2]
[recover frac=0.25] t+150s gap=[0.772, 0.778, 0.763] top=[0, 1, 2]
[recover frac=0.25] t+200s gap=[0.783, 0.768, 0.787] top=[0, 1, 2]
[nudge] target=0 fraction=0.5 corr_w 0.892 -> 0.946
[recover frac=0.5] t+50s gap=[0.762, 0.745, 0.762] top=[0, 1, 2]
[recover frac=0.5] t+100s gap=[0.793, 0.786, 0.783] top=[0, 1, 2]
[recover frac=0.5] t+150s gap=[0.78, 0.79, 0.78] top=[0, 1, 2]
[recover frac=0.5] t+200s gap=[0.753, 0.768, 0.755] top=[0, 1, 2]
[nudge] target=0 fraction=0.75 corr_w 0.878 -> 0.969
[recover frac=0.75] t+50s gap=[0.817, 0.773, 0.775] top=[0]
[recover frac=0.75] t+100s gap=[0.786, 0.769, 0.771] top=[0, 1, 2]
[recover frac=0.75] t+150s gap=[0.764, 0.765, 0.757] top=[0, 1, 2]
[recover frac=0.75] t+200s gap=[0.784, 0.773, 0.791] top=[0, 1, 2]
[nudge] target=0 fraction=1.0 corr_w 0.884 -> 1.000
[recover frac=1.0] t+50s gap=[0.855, 0.771, 0.781] top=[0]
[recover frac=1.0] t+100s gap=[0.856, 0.737, 0.777] top=[0]
[recover frac=1.0] t+150s gap=[0.831, 0.769, 0.774] top=[0]
[recover frac=1.0] t+200s gap=[0.8, 0.754, 0.733] top=[0]
perturbation v2 seed 27002 -> C:\Users\urawi\OneDrive\Desktop\a wide variety of vscode projects\developing-mind\notebooks\brian2\perturbation_data\perturbv2_strong_tight_gate_seed27002.json
