WARNING    't' is an internal variable of group 'synapses', but also exists in the run namespace with the value array([1.88707094e-03, 1.43249056e-02, 2.30273754e-02, ...,
       2.19998257e+03, 2.19999552e+03, 2.19999938e+03]) * second. The internal variable will be used. [brian2.groups.group.Group.resolve.resolution_conflict]
[settle] t=50s gap=[0.422, 0.421, 0.394] top=[0, 1, 2]
[settle] t=100s gap=[0.599, 0.638, 0.657] top=[1, 2]
[settle] t=150s gap=[0.589, 0.713, 0.756] top=[2]
[settle] t=200s gap=[0.59, 0.732, 0.776] top=[2]
[settle] t=250s gap=[0.578, 0.776, 0.785] top=[1, 2]
[settle] t=300s gap=[0.558, 0.759, 0.763] top=[1, 2]
[settle] t=350s gap=[0.579, 0.755, 0.775] top=[1, 2]
[nudge] target=0 fraction=0.25 corr_w 0.788 -> 0.841
[recover frac=0.25] t+50s gap=[0.581, 0.746, 0.733] top=[1, 2]
[recover frac=0.25] t+100s gap=[0.582, 0.764, 0.751] top=[1, 2]
[recover frac=0.25] t+150s gap=[0.606, 0.793, 0.796] top=[1, 2]
[recover frac=0.25] t+200s gap=[0.605, 0.79, 0.787] top=[1, 2]
[nudge] target=0 fraction=0.5 corr_w 0.799 -> 0.899
[recover frac=0.5] t+50s gap=[0.718, 0.778, 0.756] top=[1, 2]
[recover frac=0.5] t+100s gap=[0.689, 0.78, 0.773] top=[1, 2]
[recover frac=0.5] t+150s gap=[0.657, 0.771, 0.776] top=[1, 2]
[recover frac=0.5] t+200s gap=[0.747, 0.788, 0.763] top=[0, 1, 2]
[nudge] target=0 fraction=0.75 corr_w 0.871 -> 0.968
[recover frac=0.75] t+50s gap=[0.795, 0.781, 0.741] top=[0, 1]
[recover frac=0.75] t+100s gap=[0.766, 0.764, 0.768] top=[0, 1, 2]
[recover frac=0.75] t+150s gap=[0.78, 0.774, 0.782] top=[0, 1, 2]
[recover frac=0.75] t+200s gap=[0.768, 0.751, 0.766] top=[0, 1, 2]
perturbation v2 seed 27013 -> C:\Users\urawi\OneDrive\Desktop\a wide variety of vscode projects\developing-mind\notebooks\brian2\perturbation_data\perturbv2_reliable_13_1p5_seed27013.json
