WARNING    't' is an internal variable of group 'synapses', but also exists in the run namespace with the value array([1.15022829e-04, 5.45642633e-03, 6.15182019e-03, ...,
       2.59999659e+03, 2.59999976e+03, 2.60000000e+03]) * second. The internal variable will be used. [brian2.groups.group.Group.resolve.resolution_conflict]
[settle] t=50s gap=[0.387, 0.426, 0.373] top=[1]
[settle] t=100s gap=[0.488, 0.606, 0.553] top=[1]
[settle] t=150s gap=[0.468, 0.793, 0.602] top=[1]
[settle] t=200s gap=[0.462, 0.816, 0.579] top=[1]
[settle] t=250s gap=[0.497, 0.846, 0.58] top=[1]
[settle] t=300s gap=[0.569, 0.841, 0.584] top=[1]
[settle] t=350s gap=[0.577, 0.87, 0.582] top=[1]
[settle] t=400s gap=[0.578, 0.841, 0.597] top=[1]
[nudge] target=0 fraction=0.1 corr_w 0.790 -> 0.811
[recover frac=0.1] t+50s gap=[0.583, 0.831, 0.598] top=[1]
[recover frac=0.1] t+100s gap=[0.574, 0.844, 0.578] top=[1]
[recover frac=0.1] t+150s gap=[0.581, 0.837, 0.597] top=[1]
[recover frac=0.1] t+200s gap=[0.592, 0.802, 0.594] top=[1]
[nudge] target=0 fraction=0.2 corr_w 0.796 -> 0.837
[recover frac=0.2] t+50s gap=[0.595, 0.789, 0.595] top=[1]
[recover frac=0.2] t+100s gap=[0.591, 0.775, 0.581] top=[1]
[recover frac=0.2] t+150s gap=[0.613, 0.76, 0.587] top=[1]
[recover frac=0.2] t+200s gap=[0.58, 0.746, 0.585] top=[1]
[nudge] target=0 fraction=0.3 corr_w 0.787 -> 0.851
[recover frac=0.3] t+50s gap=[0.6, 0.723, 0.576] top=[1]
[recover frac=0.3] t+100s gap=[0.593, 0.759, 0.57] top=[1]
[recover frac=0.3] t+150s gap=[0.608, 0.787, 0.6] top=[1]
[recover frac=0.3] t+200s gap=[0.626, 0.771, 0.599] top=[1]
[nudge] target=0 fraction=0.4 corr_w 0.815 -> 0.889
[recover frac=0.4] t+50s gap=[0.692, 0.754, 0.581] top=[1]
[recover frac=0.4] t+100s gap=[0.613, 0.73, 0.581] top=[1]
[recover frac=0.4] t+150s gap=[0.584, 0.754, 0.576] top=[1]
[recover frac=0.4] t+200s gap=[0.603, 0.748, 0.586] top=[1]
[nudge] target=0 fraction=0.5 corr_w 0.802 -> 0.901
[recover frac=0.5] t+50s gap=[0.697, 0.744, 0.581] top=[1]
[recover frac=0.5] t+100s gap=[0.727, 0.744, 0.583] top=[0, 1]
[recover frac=0.5] t+150s gap=[0.759, 0.737, 0.571] top=[0, 1]
[recover frac=0.5] t+200s gap=[0.779, 0.749, 0.571] top=[0]
[nudge] target=0 fraction=0.6 corr_w 0.893 -> 0.957
[recover frac=0.6] t+50s gap=[0.767, 0.764, 0.591] top=[0, 1]
[recover frac=0.6] t+100s gap=[0.768, 0.757, 0.569] top=[0, 1]
[recover frac=0.6] t+150s gap=[0.788, 0.783, 0.605] top=[0, 1]
[recover frac=0.6] t+200s gap=[0.76, 0.765, 0.592] top=[0, 1]
perturbation v2 seed 28012 -> C:\Users\urawi\OneDrive\Desktop\a wide variety of vscode projects\developing-mind\notebooks\brian2\perturbation_data\perturbv2dense_reliable_13_1p5_seed28012.json
