WARNING    't' is an internal variable of group 'synapses', but also exists in the run namespace with the value array([2.37051177e-03, 3.32951879e-03, 5.73685712e-03, ...,
       2.19998750e+03, 2.19999230e+03, 2.19999726e+03]) * second. The internal variable will be used. [brian2.groups.group.Group.resolve.resolution_conflict]
[settle] t=50s gap=[0.46, 0.481, 0.49] top=[0, 1, 2]
[settle] t=100s gap=[0.632, 0.655, 0.67] top=[0, 1, 2]
[settle] t=150s gap=[0.639, 0.605, 0.633] top=[0, 1, 2]
[settle] t=200s gap=[0.685, 0.59, 0.574] top=[0]
[settle] t=250s gap=[0.745, 0.584, 0.596] top=[0]
[settle] t=300s gap=[0.767, 0.607, 0.6] top=[0]
[settle] t=350s gap=[0.783, 0.596, 0.585] top=[0]
[settle] t=400s gap=[0.784, 0.64, 0.609] top=[0]
[settle] t=450s gap=[0.796, 0.607, 0.605] top=[0]
[settle] t=500s gap=[0.778, 0.59, 0.597] top=[0]
[settle] t=550s gap=[0.781, 0.578, 0.597] top=[0]
[nudge] target=1 fraction=0.25 corr_w 0.786 -> 0.840
[recover frac=0.25] t+50s gap=[0.792, 0.603, 0.582] top=[0]
[recover frac=0.25] t+100s gap=[0.765, 0.585, 0.594] top=[0]
[recover frac=0.25] t+150s gap=[0.78, 0.639, 0.614] top=[0]
[recover frac=0.25] t+200s gap=[0.772, 0.571, 0.592] top=[0]
[nudge] target=1 fraction=0.5 corr_w 0.784 -> 0.892
[recover frac=0.5] t+50s gap=[0.756, 0.685, 0.585] top=[0]
[recover frac=0.5] t+100s gap=[0.78, 0.739, 0.6] top=[0]
[recover frac=0.5] t+150s gap=[0.794, 0.761, 0.591] top=[0]
[recover frac=0.5] t+200s gap=[0.804, 0.785, 0.598] top=[0, 1]
[nudge] target=1 fraction=0.75 corr_w 0.891 -> 0.973
[recover frac=0.75] t+50s gap=[0.763, 0.847, 0.584] top=[1]
[recover frac=0.75] t+100s gap=[0.756, 0.849, 0.59] top=[1]
[recover frac=0.75] t+150s gap=[0.783, 0.841, 0.6] top=[1]
[recover frac=0.75] t+200s gap=[0.768, 0.795, 0.586] top=[0, 1]
[nudge] target=1 fraction=1.0 corr_w 0.896 -> 1.000
[recover frac=1.0] t+50s gap=[0.784, 0.87, 0.588] top=[1]
[recover frac=1.0] t+100s gap=[0.78, 0.858, 0.588] top=[1]
[recover frac=1.0] t+150s gap=[0.773, 0.796, 0.59] top=[0, 1]
[recover frac=1.0] t+200s gap=[0.747, 0.754, 0.579] top=[0, 1]
perturbation v2 seed 27000 -> C:\Users\urawi\OneDrive\Desktop\a wide variety of vscode projects\developing-mind\notebooks\brian2\perturbation_data\perturbv2_strong_tight_gate_seed27000.json
