WARNING    't' is an internal variable of group 'synapses', but also exists in the run namespace with the value array([0.00000000e+00, 0.00000000e+00, 1.52887510e-03, ...,
       2.59999529e+03, 2.59999560e+03, 2.59999759e+03]) * second. The internal variable will be used. [brian2.groups.group.Group.resolve.resolution_conflict]
[settle] t=50s gap=[0.412, 0.439, 0.444] top=[0, 1, 2]
[settle] t=100s gap=[0.613, 0.623, 0.675] top=[2]
[settle] t=150s gap=[0.738, 0.629, 0.761] top=[0, 2]
[settle] t=200s gap=[0.748, 0.634, 0.712] top=[0]
[settle] t=250s gap=[0.792, 0.619, 0.706] top=[0]
[settle] t=300s gap=[0.777, 0.615, 0.766] top=[0, 2]
[settle] t=350s gap=[0.77, 0.569, 0.745] top=[0, 2]
[settle] t=400s gap=[0.768, 0.582, 0.761] top=[0, 2]
[settle] t=450s gap=[0.782, 0.591, 0.775] top=[0, 2]
[nudge] target=1 fraction=0.1 corr_w 0.795 -> 0.815
[recover frac=0.1] t+50s gap=[0.751, 0.591, 0.734] top=[0, 2]
[recover frac=0.1] t+100s gap=[0.777, 0.601, 0.759] top=[0, 2]
[recover frac=0.1] t+150s gap=[0.775, 0.589, 0.771] top=[0, 2]
[recover frac=0.1] t+200s gap=[0.774, 0.601, 0.783] top=[0, 2]
[nudge] target=1 fraction=0.2 corr_w 0.795 -> 0.836
[recover frac=0.2] t+50s gap=[0.74, 0.593, 0.767] top=[0, 2]
[recover frac=0.2] t+100s gap=[0.746, 0.575, 0.744] top=[0, 2]
[recover frac=0.2] t+150s gap=[0.785, 0.597, 0.789] top=[0, 2]
[recover frac=0.2] t+200s gap=[0.735, 0.602, 0.741] top=[0, 2]
[nudge] target=1 fraction=0.3 corr_w 0.804 -> 0.863
[recover frac=0.3] t+50s gap=[0.747, 0.631, 0.765] top=[0, 2]
[recover frac=0.3] t+100s gap=[0.765, 0.621, 0.761] top=[0, 2]
[recover frac=0.3] t+150s gap=[0.768, 0.601, 0.728] top=[0]
[recover frac=0.3] t+200s gap=[0.735, 0.586, 0.732] top=[0, 2]
[nudge] target=1 fraction=0.4 corr_w 0.801 -> 0.881
[recover frac=0.4] t+50s gap=[0.735, 0.658, 0.755] top=[0, 2]
[recover frac=0.4] t+100s gap=[0.724, 0.625, 0.734] top=[0, 2]
[recover frac=0.4] t+150s gap=[0.69, 0.582, 0.741] top=[2]
[recover frac=0.4] t+200s gap=[0.713, 0.567, 0.735] top=[0, 2]
[nudge] target=1 fraction=0.5 corr_w 0.789 -> 0.895
[recover frac=0.5] t+50s gap=[0.696, 0.666, 0.745] top=[2]
[recover frac=0.5] t+100s gap=[0.769, 0.642, 0.793] top=[0, 2]
[recover frac=0.5] t+150s gap=[0.774, 0.604, 0.764] top=[0, 2]
[recover frac=0.5] t+200s gap=[0.765, 0.601, 0.766] top=[0, 2]
[nudge] target=1 fraction=0.6 corr_w 0.805 -> 0.922
[recover frac=0.6] t+50s gap=[0.76, 0.702, 0.781] top=[0, 2]
[recover frac=0.6] t+100s gap=[0.771, 0.687, 0.771] top=[0, 2]
[recover frac=0.6] t+150s gap=[0.729, 0.659, 0.738] top=[0, 2]
[recover frac=0.6] t+200s gap=[0.775, 0.629, 0.766] top=[0, 2]
perturbation v2 seed 28001 -> C:\Users\urawi\OneDrive\Desktop\a wide variety of vscode projects\developing-mind\notebooks\brian2\perturbation_data\perturbv2dense_strong_tight_gate_seed28001.json
