WARNING    't' is an internal variable of group 'synapses', but also exists in the run namespace with the value array([2.09830444e-03, 2.74931176e-03, 6.68690743e-03, ...,
       2.19998000e+03, 2.19998994e+03, 2.19999980e+03]) * second. The internal variable will be used. [brian2.groups.group.Group.resolve.resolution_conflict]
[settle] t=50s gap=[0.457, 0.503, 0.411] top=[1]
[settle] t=100s gap=[0.674, 0.671, 0.585] top=[0, 1]
[settle] t=150s gap=[0.668, 0.691, 0.595] top=[0, 1]
[settle] t=200s gap=[0.651, 0.733, 0.597] top=[1]
[settle] t=250s gap=[0.636, 0.785, 0.577] top=[1]
[settle] t=300s gap=[0.579, 0.776, 0.586] top=[1]
[settle] t=350s gap=[0.584, 0.765, 0.568] top=[1]
[settle] t=400s gap=[0.582, 0.779, 0.594] top=[1]
[nudge] target=0 fraction=0.25 corr_w 0.792 -> 0.844
[recover frac=0.25] t+50s gap=[0.571, 0.769, 0.588] top=[1]
[recover frac=0.25] t+100s gap=[0.595, 0.775, 0.6] top=[1]
[recover frac=0.25] t+150s gap=[0.598, 0.786, 0.6] top=[1]
[recover frac=0.25] t+200s gap=[0.576, 0.766, 0.596] top=[1]
[nudge] target=0 fraction=0.5 corr_w 0.790 -> 0.895
[recover frac=0.5] t+50s gap=[0.658, 0.76, 0.588] top=[1]
[recover frac=0.5] t+100s gap=[0.633, 0.783, 0.59] top=[1]
[recover frac=0.5] t+150s gap=[0.6, 0.765, 0.581] top=[1]
[recover frac=0.5] t+200s gap=[0.604, 0.779, 0.561] top=[1]
[nudge] target=0 fraction=0.75 corr_w 0.805 -> 0.951
[recover frac=0.75] t+50s gap=[0.756, 0.75, 0.577] top=[0, 1]
[recover frac=0.75] t+100s gap=[0.784, 0.758, 0.591] top=[0, 1]
[recover frac=0.75] t+150s gap=[0.777, 0.781, 0.572] top=[0, 1]
[recover frac=0.75] t+200s gap=[0.763, 0.741, 0.57] top=[0, 1]
perturbation v2 seed 27010 -> C:\Users\urawi\OneDrive\Desktop\a wide variety of vscode projects\developing-mind\notebooks\brian2\perturbation_data\perturbv2_reliable_13_1p5_seed27010.json
