WARNING    't' is an internal variable of group 'synapses', but also exists in the run namespace with the value array([1.18895502e-03, 1.94970599e-03, 6.44586994e-03, ...,
       2.19999522e+03, 2.19999625e+03, 2.19999842e+03]) * second. The internal variable will be used. [brian2.groups.group.Group.resolve.resolution_conflict]
[settle] t=50s gap=[0.47, 0.461, 0.451] top=[0, 1, 2]
[settle] t=100s gap=[0.606, 0.607, 0.536] top=[0, 1]
[settle] t=150s gap=[0.728, 0.632, 0.617] top=[0]
[settle] t=200s gap=[0.782, 0.583, 0.677] top=[0]
[settle] t=250s gap=[0.776, 0.577, 0.689] top=[0]
[settle] t=300s gap=[0.791, 0.597, 0.729] top=[0]
[settle] t=350s gap=[0.79, 0.616, 0.702] top=[0]
[settle] t=400s gap=[0.761, 0.56, 0.683] top=[0]
[settle] t=450s gap=[0.784, 0.605, 0.727] top=[0]
[settle] t=500s gap=[0.759, 0.61, 0.72] top=[0]
[settle] t=550s gap=[0.754, 0.597, 0.736] top=[0, 2]
[settle] t=600s gap=[0.706, 0.578, 0.686] top=[0, 2]
[settle] t=650s gap=[0.701, 0.569, 0.702] top=[0, 2]
[settle] t=700s gap=[0.726, 0.587, 0.734] top=[0, 2]
[settle] t=750s gap=[0.723, 0.631, 0.758] top=[2]
[settle] t=800s gap=[0.746, 0.59, 0.763] top=[0, 2]
[settle] t=850s gap=[0.733, 0.555, 0.738] top=[0, 2]
[settle] t=900s gap=[0.739, 0.576, 0.756] top=[0, 2]
[settle] t=950s gap=[0.751, 0.594, 0.769] top=[0, 2]
[settle] t=1000s gap=[0.75, 0.592, 0.759] top=[0, 2]
[nudge] target=1 fraction=0.25 corr_w 0.799 -> 0.849
[recover frac=0.25] t+50s gap=[0.772, 0.6, 0.752] top=[0, 2]
[recover frac=0.25] t+100s gap=[0.791, 0.602, 0.766] top=[0, 2]
[recover frac=0.25] t+150s gap=[0.794, 0.582, 0.764] top=[0, 2]
[recover frac=0.25] t+200s gap=[0.784, 0.595, 0.771] top=[0, 2]
[nudge] target=1 fraction=0.5 corr_w 0.798 -> 0.899
[recover frac=0.5] t+50s gap=[0.763, 0.609, 0.756] top=[0, 2]
[recover frac=0.5] t+100s gap=[0.76, 0.577, 0.756] top=[0, 2]
[recover frac=0.5] t+150s gap=[0.762, 0.604, 0.768] top=[0, 2]
[recover frac=0.5] t+200s gap=[0.762, 0.59, 0.743] top=[0, 2]
[nudge] target=1 fraction=0.75 corr_w 0.794 -> 0.949
[recover frac=0.75] t+50s gap=[0.736, 0.671, 0.752] top=[0, 2]
[recover frac=0.75] t+100s gap=[0.718, 0.649, 0.738] top=[0, 2]
[recover frac=0.75] t+150s gap=[0.761, 0.665, 0.759] top=[0, 2]
[recover frac=0.75] t+200s gap=[0.725, 0.666, 0.74] top=[0, 2]
[nudge] target=1 fraction=1.0 corr_w 0.831 -> 1.000
[recover frac=1.0] t+50s gap=[0.774, 0.806, 0.783] top=[0, 1, 2]
[recover frac=1.0] t+100s gap=[0.74, 0.785, 0.764] top=[0, 1, 2]
[recover frac=1.0] t+150s gap=[0.715, 0.748, 0.732] top=[0, 1, 2]
[recover frac=1.0] t+200s gap=[0.776, 0.782, 0.776] top=[0, 1, 2]
perturbation v2 seed 27001 -> C:\Users\urawi\OneDrive\Desktop\a wide variety of vscode projects\developing-mind\notebooks\brian2\perturbation_data\perturbv2_strong_tight_gate_seed27001.json
