WARNING    't' is an internal variable of group 'synapses', but also exists in the run namespace with the value array([4.52700170e-03, 8.06347178e-03, 8.25083143e-03, ...,
       2.59998623e+03, 2.59999289e+03, 2.59999999e+03]) * second. The internal variable will be used. [brian2.groups.group.Group.resolve.resolution_conflict]
[settle] t=50s gap=[0.453, 0.47, 0.469] top=[0, 1, 2]
[settle] t=100s gap=[0.544, 0.624, 0.579] top=[1]
[settle] t=150s gap=[0.641, 0.717, 0.656] top=[1]
[settle] t=200s gap=[0.693, 0.76, 0.686] top=[1]
[settle] t=250s gap=[0.717, 0.769, 0.732] top=[1]
[settle] t=300s gap=[0.7, 0.741, 0.736] top=[1, 2]
[settle] t=350s gap=[0.739, 0.779, 0.725] top=[1]
[settle] t=400s gap=[0.778, 0.788, 0.77] top=[0, 1, 2]
[settle] t=450s gap=[0.779, 0.753, 0.751] top=[0, 1, 2]
[settle] t=500s gap=[0.784, 0.796, 0.767] top=[0, 1, 2]
[settle] t=550s gap=[0.787, 0.784, 0.79] top=[0, 1, 2]
[settle] t=600s gap=[0.787, 0.764, 0.75] top=[0, 1, 2]
[settle] t=650s gap=[0.791, 0.766, 0.778] top=[0, 1, 2]
[settle] t=700s gap=[0.777, 0.757, 0.782] top=[0, 1, 2]
[settle] t=750s gap=[0.787, 0.775, 0.788] top=[0, 1, 2]
[nudge] target=1 fraction=0.1 corr_w 0.887 -> 0.898
[recover frac=0.1] t+50s gap=[0.715, 0.712, 0.734] top=[0, 1, 2]
[recover frac=0.1] t+100s gap=[0.758, 0.752, 0.77] top=[0, 1, 2]
[recover frac=0.1] t+150s gap=[0.783, 0.768, 0.744] top=[0, 1, 2]
[recover frac=0.1] t+200s gap=[0.733, 0.72, 0.719] top=[0, 1, 2]
[nudge] target=1 fraction=0.2 corr_w 0.859 -> 0.888
[recover frac=0.2] t+50s gap=[0.748, 0.758, 0.761] top=[0, 1, 2]
[recover frac=0.2] t+100s gap=[0.798, 0.759, 0.777] top=[0, 1, 2]
[recover frac=0.2] t+150s gap=[0.752, 0.753, 0.761] top=[0, 1, 2]
[recover frac=0.2] t+200s gap=[0.758, 0.754, 0.763] top=[0, 1, 2]
[nudge] target=1 fraction=0.3 corr_w 0.874 -> 0.912
[recover frac=0.3] t+50s gap=[0.774, 0.754, 0.743] top=[0, 1, 2]
[recover frac=0.3] t+100s gap=[0.75, 0.759, 0.754] top=[0, 1, 2]
[recover frac=0.3] t+150s gap=[0.743, 0.754, 0.764] top=[0, 1, 2]
[recover frac=0.3] t+200s gap=[0.75, 0.754, 0.758] top=[0, 1, 2]
[nudge] target=1 fraction=0.4 corr_w 0.877 -> 0.926
[recover frac=0.4] t+50s gap=[0.719, 0.739, 0.73] top=[0, 1, 2]
[recover frac=0.4] t+100s gap=[0.76, 0.778, 0.76] top=[0, 1, 2]
[recover frac=0.4] t+150s gap=[0.736, 0.726, 0.751] top=[0, 1, 2]
[recover frac=0.4] t+200s gap=[0.734, 0.739, 0.757] top=[0, 1, 2]
[nudge] target=1 fraction=0.5 corr_w 0.872 -> 0.936
[recover frac=0.5] t+50s gap=[0.755, 0.762, 0.779] top=[0, 1, 2]
[recover frac=0.5] t+100s gap=[0.759, 0.777, 0.747] top=[0, 1, 2]
[recover frac=0.5] t+150s gap=[0.734, 0.726, 0.769] top=[2]
[recover frac=0.5] t+200s gap=[0.742, 0.742, 0.776] top=[2]
perturbation v2 seed 28000 -> C:\Users\urawi\OneDrive\Desktop\a wide variety of vscode projects\developing-mind\notebooks\brian2\perturbation_data\perturbv2dense_strong_tight_gate_seed28000.json
