WARNING    't' is an internal variable of group 'synapses', but also exists in the run namespace with the value array([6.14367235e-04, 9.32443015e-03, 9.74568112e-03, ...,
       2.19998583e+03, 2.19998652e+03, 2.19999708e+03]) * second. The internal variable will be used. [brian2.groups.group.Group.resolve.resolution_conflict]
[settle] t=50s gap=[0.445, 0.417, 0.479] top=[2]
[settle] t=100s gap=[0.612, 0.659, 0.693] top=[2]
[settle] t=150s gap=[0.661, 0.661, 0.701] top=[2]
[settle] t=200s gap=[0.691, 0.67, 0.761] top=[2]
[settle] t=250s gap=[0.686, 0.717, 0.772] top=[2]
[settle] t=300s gap=[0.762, 0.771, 0.773] top=[0, 1, 2]
[settle] t=350s gap=[0.754, 0.749, 0.746] top=[0, 1, 2]
[settle] t=400s gap=[0.773, 0.779, 0.77] top=[0, 1, 2]
[settle] t=450s gap=[0.758, 0.754, 0.757] top=[0, 1, 2]
[settle] t=500s gap=[0.75, 0.748, 0.745] top=[0, 1, 2]
[settle] t=550s gap=[0.737, 0.746, 0.753] top=[0, 1, 2]
[nudge] target=0 fraction=0.25 corr_w 0.872 -> 0.904
[recover frac=0.25] t+50s gap=[0.744, 0.76, 0.767] top=[0, 1, 2]
[recover frac=0.25] t+100s gap=[0.776, 0.767, 0.788] top=[0, 1, 2]
[recover frac=0.25] t+150s gap=[0.752, 0.728, 0.761] top=[0, 1, 2]
[recover frac=0.25] t+200s gap=[0.753, 0.735, 0.751] top=[0, 1, 2]
[nudge] target=0 fraction=0.5 corr_w 0.880 -> 0.940
[recover frac=0.5] t+50s gap=[0.759, 0.776, 0.763] top=[0, 1, 2]
[recover frac=0.5] t+100s gap=[0.786, 0.776, 0.78] top=[0, 1, 2]
[recover frac=0.5] t+150s gap=[0.783, 0.784, 0.774] top=[0, 1, 2]
[recover frac=0.5] t+200s gap=[0.773, 0.77, 0.75] top=[0, 1, 2]
[nudge] target=0 fraction=0.75 corr_w 0.888 -> 0.972
[recover frac=0.75] t+50s gap=[0.792, 0.752, 0.768] top=[0, 1, 2]
[recover frac=0.75] t+100s gap=[0.726, 0.723, 0.737] top=[0, 1, 2]
[recover frac=0.75] t+150s gap=[0.777, 0.769, 0.77] top=[0, 1, 2]
[recover frac=0.75] t+200s gap=[0.772, 0.783, 0.775] top=[0, 1, 2]
[nudge] target=0 fraction=1.0 corr_w 0.888 -> 1.000
[recover frac=1.0] t+50s gap=[0.797, 0.777, 0.786] top=[0, 1, 2]
[recover frac=1.0] t+100s gap=[0.869, 0.782, 0.775] top=[0]
[recover frac=1.0] t+150s gap=[0.829, 0.738, 0.736] top=[0]
[recover frac=1.0] t+200s gap=[0.809, 0.768, 0.783] top=[0, 1, 2]
perturbation v2 seed 27003 -> C:\Users\urawi\OneDrive\Desktop\a wide variety of vscode projects\developing-mind\notebooks\brian2\perturbation_data\perturbv2_strong_tight_gate_seed27003.json
