WARNING    't' is an internal variable of group 'synapses', but also exists in the run namespace with the value array([2.67560976e-03, 4.76694063e-03, 4.99007773e-03, ...,
       2.19999780e+03, 2.19999846e+03, 2.19999906e+03]) * second. The internal variable will be used. [brian2.groups.group.Group.resolve.resolution_conflict]
[settle] t=50s gap=[0.481, 0.44, 0.347] top=[0]
[settle] t=100s gap=[0.745, 0.481, 0.652] top=[0]
[settle] t=150s gap=[0.711, 0.448, 0.686] top=[0, 2]
[settle] t=200s gap=[0.774, 0.492, 0.747] top=[0, 2]
[settle] t=250s gap=[0.786, 0.567, 0.793] top=[0, 2]
[settle] t=300s gap=[0.786, 0.583, 0.782] top=[0, 2]
[settle] t=350s gap=[0.769, 0.575, 0.778] top=[0, 2]
[nudge] target=1 fraction=0.25 corr_w 0.781 -> 0.836
[recover frac=0.25] t+50s gap=[0.761, 0.589, 0.768] top=[0, 2]
[recover frac=0.25] t+100s gap=[0.75, 0.55, 0.736] top=[0, 2]
[recover frac=0.25] t+150s gap=[0.758, 0.579, 0.774] top=[0, 2]
[recover frac=0.25] t+200s gap=[0.732, 0.593, 0.754] top=[0, 2]
[nudge] target=1 fraction=0.5 corr_w 0.799 -> 0.900
[recover frac=0.5] t+50s gap=[0.736, 0.691, 0.767] top=[2]
[recover frac=0.5] t+100s gap=[0.755, 0.678, 0.788] top=[2]
[recover frac=0.5] t+150s gap=[0.776, 0.698, 0.778] top=[0, 2]
[recover frac=0.5] t+200s gap=[0.78, 0.616, 0.785] top=[0, 2]
[nudge] target=1 fraction=0.75 corr_w 0.806 -> 0.952
[recover frac=0.75] t+50s gap=[0.791, 0.708, 0.806] top=[0, 2]
[recover frac=0.75] t+100s gap=[0.739, 0.687, 0.744] top=[0, 2]
[recover frac=0.75] t+150s gap=[0.781, 0.662, 0.78] top=[0, 2]
[recover frac=0.75] t+200s gap=[0.793, 0.629, 0.767] top=[0, 2]
[nudge] target=1 fraction=1.0 corr_w 0.815 -> 1.000
[recover frac=1.0] t+50s gap=[0.788, 0.77, 0.763] top=[0, 1, 2]
[recover frac=1.0] t+100s gap=[0.784, 0.795, 0.741] top=[0, 1]
[recover frac=1.0] t+150s gap=[0.789, 0.787, 0.762] top=[0, 1, 2]
[recover frac=1.0] t+200s gap=[0.783, 0.774, 0.788] top=[0, 1, 2]
perturbation v2 seed 27012 -> C:\Users\urawi\OneDrive\Desktop\a wide variety of vscode projects\developing-mind\notebooks\brian2\perturbation_data\perturbv2_reliable_13_1p5_seed27012.json
