✓ Initialized. View run at 
https://modal.com/apps/jaspersgmail/main/ap-7TMhp6GuvPkKTI7gCAgL6n
✓ Created objects.
├── ✓ Uploaded C:\Users\urawi\OneDrive\Desktop\a wide variety of vscode 
│   projects\developing-mind\notebooks\brian2\many_contexts_data\modal_many.py
├── ✓ Uploaded PythonPackage:src
└── ✓ Created Function run_n.
16 jobs to run
WARNING    't' is an internal variable of group 'synapses', but also exists in the run namespace with the value array([2.49312005e-03, 3.32101145e-03, 4.35979281e-03, ...,
       1.19999944e+04, 1.19999968e+04, 1.20000009e+04]) * second. The internal variable will be used. [brian2.groups.group.Group.resolve.resolution_conflict]
WARNING    't' is an internal variable of group 'synapses', but also exists in the run namespace with the value array([1.55249719e-03, 4.40284716e-03, 6.05401052e-03, ...,
       1.19999959e+04, 1.19999984e+04, 1.20000006e+04]) * second. The internal variable will be used. [brian2.groups.group.Group.resolve.resolution_conflict]
WARNING    't' is an internal variable of group 'synapses', but also exists in the run namespace with the value array([1.40321102e-03, 2.78179915e-03, 3.02553844e-03, ...,
       1.20000010e+04, 1.20000010e+04, 1.20000010e+04]) * second. The internal variable will be used. [brian2.groups.group.Group.resolve.resolution_conflict]
WARNING    't' is an internal variable of group 'synapses', but also exists in the run namespace with the value array([1.89049965e-05, 3.70254558e-04, 2.51343439e-03, ...,
       1.20000000e+04, 1.20000004e+04, 1.20000008e+04]) * second. The internal variable will be used. [brian2.groups.group.Group.resolve.resolution_conflict]
WARNING    't' is an internal variable of group 'synapses', but also exists in the run namespace with the value array([1.07987325e-04, 1.46288597e-03, 1.65414956e-03, ...,
       1.19999994e+04, 1.19999999e+04, 1.20000000e+04]) * second. The internal variable will be used. [brian2.groups.group.Group.resolve.resolution_conflict]
WARNING    't' is an internal variable of group 'synapses', but also exists in the run namespace with the value array([6.10478626e-04, 1.45266602e-03, 2.98540990e-03, ...,
       1.19999973e+04, 1.19999993e+04, 1.20000004e+04]) * second. The internal variable will be used. [brian2.groups.group.Group.resolve.resolution_conflict]
WARNING    't' is an internal variable of group 'synapses', but also exists in the run namespace with the value array([8.57821772e-05, 2.83328341e-03, 4.42079514e-03, ...,
       1.19999999e+04, 1.20000000e+04, 1.20000003e+04]) * second. The internal variable will be used. [brian2.groups.group.Group.resolve.resolution_conflict]
WARNING    't' is an internal variable of group 'synapses', but also exists in the run namespace with the value array([1.14040337e-03, 1.99450588e-03, 2.18483914e-03, ...,
       1.19999996e+04, 1.19999997e+04, 1.20000010e+04]) * second. The internal variable will be used. [brian2.groups.group.Group.resolve.resolution_conflict]
WARNING    't' is an internal variable of group 'synapses', but also exists in the run namespace with the value array([4.29656137e-04, 1.72131908e-03, 3.08100464e-03, ...,
       1.20000007e+04, 1.20000009e+04, 1.20000010e+04]) * second. The internal variable will be used. [brian2.groups.group.Group.resolve.resolution_conflict]
WARNING    't' is an internal variable of group 'synapses', but also exists in the run namespace with the value array([4.69218683e-04, 1.63192912e-03, 2.38254971e-03, ...,
       1.19999985e+04, 1.20000006e+04, 1.20000007e+04]) * second. The internal variable will be used. [brian2.groups.group.Group.resolve.resolution_conflict]
WARNING    't' is an internal variable of group 'synapses', but also exists in the run namespace with the value array([4.87357929e-04, 1.10351156e-03, 3.68144603e-03, ...,
       1.19999998e+04, 1.20000004e+04, 1.20000010e+04]) * second. The internal variable will be used. [brian2.groups.group.Group.resolve.resolution_conflict]
WARNING    't' is an internal variable of group 'synapses', but also exists in the run namespace with the value array([2.87908735e-04, 8.16345206e-04, 2.29079320e-03, ...,
       1.20000004e+04, 1.20000005e+04, 1.20000009e+04]) * second. The internal variable will be used. [brian2.groups.group.Group.resolve.resolution_conflict]
WARNING    't' is an internal variable of group 'synapses', but also exists in the run namespace with the value array([5.46523359e-04, 1.12875597e-03, 1.55172379e-03, ...,
       1.19999982e+04, 1.19999989e+04, 1.19999997e+04]) * second. The internal variable will be used. [brian2.groups.group.Group.resolve.resolution_conflict]
WARNING    't' is an internal variable of group 'synapses', but also exists in the run namespace with the value array([5.43550223e-04, 1.05048549e-03, 2.11870085e-03, ...,
       1.19999989e+04, 1.19999995e+04, 1.20000009e+04]) * second. The internal variable will be used. [brian2.groups.group.Group.resolve.resolution_conflict]
WARNING    't' is an internal variable of group 'synapses', but also exists in the run namespace with the value array([4.39345344e-04, 6.10852836e-04, 9.80221080e-04, ...,
       1.19999973e+04, 1.19999980e+04, 1.19999994e+04]) * second. The internal variable will be used. [brian2.groups.group.Group.resolve.resolution_conflict]
WARNING    't' is an internal variable of group 'synapses', but also exists in the run namespace with the value array([6.07653590e-04, 1.81363526e-03, 2.75813102e-03, ...,
       1.19999981e+04, 1.19999994e+04, 1.19999998e+04]) * second. The internal variable will be used. [brian2.groups.group.Group.resolve.resolution_conflict]
N=7 seed 52000: saved (9.2 MB gz)
N=7 seed 52001: saved (9.2 MB gz)
N=7 seed 52002: saved (9.2 MB gz)
N=7 seed 52003: saved (9.2 MB gz)
WARNING    Simulation stop requested. Press Ctrl+C again to interrupt. [brian2]
Container terminated due to preemption. Your Function will be restarted with the same input. For more details, see https://modal.com/docs/guide/preemption
WARNING    't' is an internal variable of group 'synapses_1', but also exists in the run namespace with the value array([2.87908735e-04, 8.16345206e-04, 2.29079320e-03, ...,
       1.20000004e+04, 1.20000005e+04, 1.20000009e+04]) * second. The internal variable will be used. [brian2.groups.group.Group.resolve.resolution_conflict]
N=7 seed 52004: saved (9.2 MB gz)
N=7 seed 52005: saved (9.2 MB gz)
N=7 seed 52006: saved (9.2 MB gz)
N=7 seed 52007: saved (9.2 MB gz)
N=40 seed 52100: saved (52.4 MB gz)
N=40 seed 52101: saved (52.5 MB gz)
N=40 seed 52102: saved (52.4 MB gz)
N=40 seed 52103: saved (52.4 MB gz)
N=40 seed 52104: saved (52.3 MB gz)
N=40 seed 52105: saved (52.5 MB gz)
N=40 seed 52106: saved (52.4 MB gz)
N=40 seed 52107: saved (52.5 MB gz)
an error occurred during closing of asynchronous generator <async_generator object Synchronizer._run_generator_async at 0x00000200D8E0AC30>
asyncgen: <async_generator object Synchronizer._run_generator_async at 0x00000200D8E0AC30>
Traceback (most recent call last):
  File "C:\Users\urawi\miniconda3\envs\developing-mind\Lib\site-packages\modal\_utils\async_utils.py", line 856, in __iter__
    yield from run_async_gen(runner, self._async_iterable)
GeneratorExit

During handling of the above exception, another exception occurred:

RuntimeError: aclose(): asynchronous generator is already running
an error occurred during closing of asynchronous generator <async_generator object async_merge at 0x00000200D8EE8BC0>
asyncgen: <async_generator object async_merge at 0x00000200D8EE8BC0>
Traceback (most recent call last):
  File "C:\Users\urawi\miniconda3\envs\developing-mind\Lib\site-packages\modal\_utils\async_utils.py", line 856, in __iter__
    yield from run_async_gen(runner, self._async_iterable)
GeneratorExit

During handling of the above exception, another exception occurred:

RuntimeError: aclose(): asynchronous generator is already running
== 16/16 completed
Stopping app - local entrypoint completed.
✓ App completed. View run at 
https://modal.com/apps/jaspersgmail/main/ap-7TMhp6GuvPkKTI7gCAgL6n
Task was destroyed but it is pending!
task: <Task cancelling name='Task-399' coro=<async_merge.<locals>.producer() running at C:\Users\urawi\miniconda3\envs\developing-mind\Lib\site-packages\modal\_utils\async_utils.py:1087> wait_for=<Future pending cb=[Task.task_wakeup()]> cb=[gather.<locals>._done_callback() at C:\Users\urawi\miniconda3\envs\developing-mind\Lib\asyncio\tasks.py:764]>
Task was destroyed but it is pending!
task: <Task pending name='Task-58130' coro=<<async_generator_athrow without __name__>()> wait_for=<Future pending cb=[Task.task_wakeup()]>>
Task was destroyed but it is pending!
task: <Task pending name='Task-58138' coro=<Synchronizer._run_function_async() done, defined at C:\Users\urawi\miniconda3\envs\developing-mind\Lib\site-packages\synchronicity\synchronizer.py:499> wait_for=<Future pending cb=[shield.<locals>._outer_done_callback() at C:\Users\urawi\miniconda3\envs\developing-mind\Lib\asyncio\tasks.py:908, Task.task_wakeup()]> cb=[shield.<locals>._inner_done_callback() at C:\Users\urawi\miniconda3\envs\developing-mind\Lib\asyncio\tasks.py:891]>
Task was destroyed but it is pending!
task: <Task pending name='Task-58139' coro=<wait_for() done, defined at C:\Users\urawi\miniconda3\envs\developing-mind\Lib\asyncio\tasks.py:436> wait_for=<Future finished result=None> cb=[shield.<locals>._inner_done_callback() at C:\Users\urawi\miniconda3\envs\developing-mind\Lib\asyncio\tasks.py:891]>
