1 done, 50 to run
finished ('probe', 49101) rc=0 at 9s
finished ('probe', 49102) rc=0 at 9s
finished ('op', 49304) rc=0 at 288s
finished ('op', 49300) rc=0 at 291s
finished ('op', 49301) rc=0 at 291s
finished ('op', 49302) rc=0 at 291s
finished ('op', 49303) rc=0 at 291s
finished ('op', 49305) rc=0 at 291s
finished ('op', 49306) rc=0 at 300s
finished ('op', 49307) rc=0 at 303s
finished ('op', 49308) rc=0 at 549s
finished ('op', 49309) rc=0 at 549s
finished ('op', 49310) rc=0 at 549s
finished ('op', 49312) rc=0 at 549s
finished ('op', 49313) rc=0 at 549s
finished ('op', 49311) rc=0 at 552s
finished ('op', 49314) rc=0 at 555s
finished ('op', 49315) rc=0 at 558s
finished ('stg', 49201) rc=0 at 738s
finished ('stg', 49200) rc=0 at 741s
finished ('stg', 49202) rc=0 at 741s
finished ('stg', 49203) rc=0 at 741s
finished ('stg', 49204) rc=0 at 741s
finished ('stg', 49205) rc=0 at 744s
finished ('stg', 49206) rc=0 at 747s
finished ('stg', 49207) rc=0 at 747s
finished ('stg', 49208) rc=0 at 931s
finished ('stg', 49209) rc=0 at 934s
finished ('stg', 49210) rc=0 at 934s
finished ('stg', 49211) rc=0 at 934s
finished ('stg', 49212) rc=0 at 934s
finished ('stg', 49213) rc=0 at 937s
finished ('stg', 49215) rc=0 at 937s
finished ('stg', 49214) rc=0 at 940s
finished ('stg', 49216) rc=0 at 1126s
finished ('stg', 49217) rc=0 at 1129s
finished ('stg', 49219) rc=0 at 1129s
finished ('stg', 49220) rc=0 at 1132s
finished ('stg', 49221) rc=0 at 1132s
finished ('stg', 49218) rc=0 at 1135s
finished ('stg', 49222) rc=0 at 1135s
finished ('stg', 49223) rc=0 at 1135s
finished ('stg', 49224) rc=0 at 1318s
finished ('stg', 49226) rc=0 at 1318s
finished ('stg', 49225) rc=0 at 1321s
finished ('stg', 49227) rc=0 at 1321s
finished ('stg', 49228) rc=0 at 1321s
finished ('stg', 49229) rc=0 at 1324s
finished ('stg', 49231) rc=0 at 1324s
finished ('stg', 49230) rc=0 at 1327s
LAPTOP BATCH DONE in 1330s
